==PROF== Connected to process 1179756 (/xplorer/shijy/CUDA_optimazation/results/sm110_gemm_campaign/thor-t5000-closure-maxn-20260814-d382b57-a-compute/cases/e5m2_f32_m128n256k32_full_sm_4warp_block/benchmark)
==PROF== Profiling "benchmark" - 0: 0%....50%....100% - 11 passes
==PROF== Profiling "benchmark" - 1: 0%....50%....100% - 11 passes
case_id=e5m2_f32_m128n256k32_full_sm_4warp_block
precision_id=e5m2_f32
work_unit=flop
sm_count=20
logical_input_bits=8
descriptor_storage_bits=8
clock_hz=1575000000
blocks=20
unique_smid_count=20
warps_per_block=4
iters=1000
cycles=512443
globaltimer_start_min=591577511967456
globaltimer_stop_max=591577512292896
globaltimer_nanoseconds=325440
elapsed_seconds=3.254400000e-04
host_kernel_elapsed_seconds=1.129803238e-01
issued_work=167772160000
rate_per_second=5.155240905e+14
==PROF== Disconnected from process 1179756
==PROF== Report: /xplorer/shijy/CUDA_optimazation/results/sm110_gemm_campaign/thor-t5000-closure-maxn-20260814-d382b57-a-compute/cases/e5m2_f32_m128n256k32_full_sm_4warp_block/ncu/profile.ncu-rep
