$ /xplorer/shijy/CUDA_optimazation/microbench/mma_config/05_ldshared_contention/build/tcgen05_05_ldshared_contention_bench --dtype bf16 --shape m128n128k16 --layout sw128 --q 32 --iterations 32 --collector-protocol discard --collector-reuse 0 --ws 0 --ws-buffer-count 1 --operand-address-mode same --input-d 0 --tmem-columns 512 --d-base-column 0 --d-tile-base-delta 128 --independent-d-count 4 --d-reuse-distance 4 --commit-interval 32 --pending-mbarriers 1 --wait-mode nocount --smem-base-offset 0 --interference-mode interference_only --interference-ops-per-iter 32 --interference-warps 4 --active-blocks 0
status=ok
experiment=05_ldshared_contention
gpu=NVIDIA Thor
compute_capability=11.0
sm_count=20
active_blocks=20
dtype=bf16
shape=m128n128k16
m=128
n=128
k=16
layout=sw128
q=32
iterations=32
collector_protocol=discard
collector_reuse=0
ws_mode=0
ws_buffer_count=1
operand_address_mode=same
input_d=0
tmem_columns=512
d_base_column=0
d_tile_base_delta=128
independent_d_count=4
d_reuse_distance=4
commit_interval=32
pending_mbarriers=1
wait_polling_mode=nocount
smem_base_offset=0
interference_mode=interference_only
interference_ops_per_iter=32
interference_warps=4
elapsed_cycles=4527519
poll_count=0
max_abs_error=0.640625000
guard_ok=1
interference_sink=297538.313476562

$ /xplorer/shijy/CUDA_optimazation/microbench/mma_config/05_ldshared_contention/build/tcgen05_05_ldshared_contention_bench --dtype bf16 --shape m128n128k16 --layout sw128 --q 32 --iterations 32 --collector-protocol discard --collector-reuse 0 --ws 0 --ws-buffer-count 1 --operand-address-mode same --input-d 0 --tmem-columns 512 --d-base-column 0 --d-tile-base-delta 128 --independent-d-count 4 --d-reuse-distance 4 --commit-interval 32 --pending-mbarriers 1 --wait-mode nocount --smem-base-offset 0 --interference-mode interference_only --interference-ops-per-iter 32 --interference-warps 4 --active-blocks 0
status=ok
experiment=05_ldshared_contention
gpu=NVIDIA Thor
compute_capability=11.0
sm_count=20
active_blocks=20
dtype=bf16
shape=m128n128k16
m=128
n=128
k=16
layout=sw128
q=32
iterations=32
collector_protocol=discard
collector_reuse=0
ws_mode=0
ws_buffer_count=1
operand_address_mode=same
input_d=0
tmem_columns=512
d_base_column=0
d_tile_base_delta=128
independent_d_count=4
d_reuse_distance=4
commit_interval=32
pending_mbarriers=1
wait_polling_mode=nocount
smem_base_offset=0
interference_mode=interference_only
interference_ops_per_iter=32
interference_warps=4
elapsed_cycles=4527805
poll_count=0
max_abs_error=0.640625000
guard_ok=1
interference_sink=297538.317382812

$ /xplorer/shijy/CUDA_optimazation/microbench/mma_config/05_ldshared_contention/build/tcgen05_05_ldshared_contention_bench --dtype bf16 --shape m128n128k16 --layout sw128 --q 32 --iterations 32 --collector-protocol discard --collector-reuse 0 --ws 0 --ws-buffer-count 1 --operand-address-mode same --input-d 0 --tmem-columns 512 --d-base-column 0 --d-tile-base-delta 128 --independent-d-count 4 --d-reuse-distance 4 --commit-interval 32 --pending-mbarriers 1 --wait-mode nocount --smem-base-offset 0 --interference-mode interference_only --interference-ops-per-iter 32 --interference-warps 4 --active-blocks 0
status=ok
experiment=05_ldshared_contention
gpu=NVIDIA Thor
compute_capability=11.0
sm_count=20
active_blocks=20
dtype=bf16
shape=m128n128k16
m=128
n=128
k=16
layout=sw128
q=32
iterations=32
collector_protocol=discard
collector_reuse=0
ws_mode=0
ws_buffer_count=1
operand_address_mode=same
input_d=0
tmem_columns=512
d_base_column=0
d_tile_base_delta=128
independent_d_count=4
d_reuse_distance=4
commit_interval=32
pending_mbarriers=1
wait_polling_mode=nocount
smem_base_offset=0
interference_mode=interference_only
interference_ops_per_iter=32
interference_warps=4
elapsed_cycles=4527469
poll_count=0
max_abs_error=0.640625000
guard_ok=1
interference_sink=297538.314453125

$ /xplorer/shijy/CUDA_optimazation/microbench/mma_config/05_ldshared_contention/build/tcgen05_05_ldshared_contention_bench --dtype fp16 --shape m128n128k16 --layout sw128 --q 32 --iterations 32 --collector-protocol discard --collector-reuse 0 --ws 0 --ws-buffer-count 1 --operand-address-mode same --input-d 0 --tmem-columns 512 --d-base-column 0 --d-tile-base-delta 128 --independent-d-count 4 --d-reuse-distance 4 --commit-interval 32 --pending-mbarriers 1 --wait-mode nocount --smem-base-offset 0 --interference-mode interference_only --interference-ops-per-iter 32 --interference-warps 4 --active-blocks 0
status=ok
experiment=05_ldshared_contention
gpu=NVIDIA Thor
compute_capability=11.0
sm_count=20
active_blocks=20
dtype=fp16
shape=m128n128k16
m=128
n=128
k=16
layout=sw128
q=32
iterations=32
collector_protocol=discard
collector_reuse=0
ws_mode=0
ws_buffer_count=1
operand_address_mode=same
input_d=0
tmem_columns=512
d_base_column=0
d_tile_base_delta=128
independent_d_count=4
d_reuse_distance=4
commit_interval=32
pending_mbarriers=1
wait_polling_mode=nocount
smem_base_offset=0
interference_mode=interference_only
interference_ops_per_iter=32
interference_warps=4
elapsed_cycles=4527513
poll_count=0
max_abs_error=0.640625000
guard_ok=1
interference_sink=297538.317382812

$ /xplorer/shijy/CUDA_optimazation/microbench/mma_config/05_ldshared_contention/build/tcgen05_05_ldshared_contention_bench --dtype fp16 --shape m128n128k16 --layout sw128 --q 32 --iterations 32 --collector-protocol discard --collector-reuse 0 --ws 0 --ws-buffer-count 1 --operand-address-mode same --input-d 0 --tmem-columns 512 --d-base-column 0 --d-tile-base-delta 128 --independent-d-count 4 --d-reuse-distance 4 --commit-interval 32 --pending-mbarriers 1 --wait-mode nocount --smem-base-offset 0 --interference-mode interference_only --interference-ops-per-iter 32 --interference-warps 4 --active-blocks 0
status=ok
experiment=05_ldshared_contention
gpu=NVIDIA Thor
compute_capability=11.0
sm_count=20
active_blocks=20
dtype=fp16
shape=m128n128k16
m=128
n=128
k=16
layout=sw128
q=32
iterations=32
collector_protocol=discard
collector_reuse=0
ws_mode=0
ws_buffer_count=1
operand_address_mode=same
input_d=0
tmem_columns=512
d_base_column=0
d_tile_base_delta=128
independent_d_count=4
d_reuse_distance=4
commit_interval=32
pending_mbarriers=1
wait_polling_mode=nocount
smem_base_offset=0
interference_mode=interference_only
interference_ops_per_iter=32
interference_warps=4
elapsed_cycles=4528575
poll_count=0
max_abs_error=0.640625000
guard_ok=1
interference_sink=297538.317382812

$ /xplorer/shijy/CUDA_optimazation/microbench/mma_config/05_ldshared_contention/build/tcgen05_05_ldshared_contention_bench --dtype fp16 --shape m128n128k16 --layout sw128 --q 32 --iterations 32 --collector-protocol discard --collector-reuse 0 --ws 0 --ws-buffer-count 1 --operand-address-mode same --input-d 0 --tmem-columns 512 --d-base-column 0 --d-tile-base-delta 128 --independent-d-count 4 --d-reuse-distance 4 --commit-interval 32 --pending-mbarriers 1 --wait-mode nocount --smem-base-offset 0 --interference-mode interference_only --interference-ops-per-iter 32 --interference-warps 4 --active-blocks 0
status=ok
experiment=05_ldshared_contention
gpu=NVIDIA Thor
compute_capability=11.0
sm_count=20
active_blocks=20
dtype=fp16
shape=m128n128k16
m=128
n=128
k=16
layout=sw128
q=32
iterations=32
collector_protocol=discard
collector_reuse=0
ws_mode=0
ws_buffer_count=1
operand_address_mode=same
input_d=0
tmem_columns=512
d_base_column=0
d_tile_base_delta=128
independent_d_count=4
d_reuse_distance=4
commit_interval=32
pending_mbarriers=1
wait_polling_mode=nocount
smem_base_offset=0
interference_mode=interference_only
interference_ops_per_iter=32
interference_warps=4
elapsed_cycles=4527521
poll_count=0
max_abs_error=0.640625000
guard_ok=1
interference_sink=297538.317382812

$ /xplorer/shijy/CUDA_optimazation/microbench/mma_config/05_ldshared_contention/build/tcgen05_05_ldshared_contention_bench --dtype fp16 --shape m128n128k16 --layout sw128 --q 32 --iterations 32 --collector-protocol discard --collector-reuse 0 --ws 0 --ws-buffer-count 1 --operand-address-mode same --input-d 0 --tmem-columns 512 --d-base-column 0 --d-tile-base-delta 128 --independent-d-count 4 --d-reuse-distance 4 --commit-interval 32 --pending-mbarriers 1 --wait-mode nocount --smem-base-offset 0 --interference-mode interference_only --interference-ops-per-iter 0 --interference-warps 4 --active-blocks 0
status=ok
experiment=05_ldshared_contention
gpu=NVIDIA Thor
compute_capability=11.0
sm_count=20
active_blocks=20
dtype=fp16
shape=m128n128k16
m=128
n=128
k=16
layout=sw128
q=32
iterations=32
collector_protocol=discard
collector_reuse=0
ws_mode=0
ws_buffer_count=1
operand_address_mode=same
input_d=0
tmem_columns=512
d_base_column=0
d_tile_base_delta=128
independent_d_count=4
d_reuse_distance=4
commit_interval=32
pending_mbarriers=1
wait_polling_mode=nocount
smem_base_offset=0
interference_mode=interference_only
interference_ops_per_iter=0
interference_warps=4
elapsed_cycles=603757
poll_count=0
max_abs_error=0.640625000
guard_ok=1
interference_sink=0.000000000

$ /xplorer/shijy/CUDA_optimazation/microbench/mma_config/05_ldshared_contention/build/tcgen05_05_ldshared_contention_bench --dtype fp16 --shape m128n128k16 --layout sw128 --q 32 --iterations 32 --collector-protocol discard --collector-reuse 0 --ws 0 --ws-buffer-count 1 --operand-address-mode same --input-d 0 --tmem-columns 512 --d-base-column 0 --d-tile-base-delta 128 --independent-d-count 4 --d-reuse-distance 4 --commit-interval 32 --pending-mbarriers 1 --wait-mode nocount --smem-base-offset 0 --interference-mode interference_only --interference-ops-per-iter 0 --interference-warps 4 --active-blocks 0
status=ok
experiment=05_ldshared_contention
gpu=NVIDIA Thor
compute_capability=11.0
sm_count=20
active_blocks=20
dtype=fp16
shape=m128n128k16
m=128
n=128
k=16
layout=sw128
q=32
iterations=32
collector_protocol=discard
collector_reuse=0
ws_mode=0
ws_buffer_count=1
operand_address_mode=same
input_d=0
tmem_columns=512
d_base_column=0
d_tile_base_delta=128
independent_d_count=4
d_reuse_distance=4
commit_interval=32
pending_mbarriers=1
wait_polling_mode=nocount
smem_base_offset=0
interference_mode=interference_only
interference_ops_per_iter=0
interference_warps=4
elapsed_cycles=603752
poll_count=0
max_abs_error=0.640625000
guard_ok=1
interference_sink=0.000000000

$ /xplorer/shijy/CUDA_optimazation/microbench/mma_config/05_ldshared_contention/build/tcgen05_05_ldshared_contention_bench --dtype fp16 --shape m128n128k16 --layout sw128 --q 32 --iterations 32 --collector-protocol discard --collector-reuse 0 --ws 0 --ws-buffer-count 1 --operand-address-mode same --input-d 0 --tmem-columns 512 --d-base-column 0 --d-tile-base-delta 128 --independent-d-count 4 --d-reuse-distance 4 --commit-interval 32 --pending-mbarriers 1 --wait-mode nocount --smem-base-offset 0 --interference-mode interference_only --interference-ops-per-iter 0 --interference-warps 4 --active-blocks 0
status=ok
experiment=05_ldshared_contention
gpu=NVIDIA Thor
compute_capability=11.0
sm_count=20
active_blocks=20
dtype=fp16
shape=m128n128k16
m=128
n=128
k=16
layout=sw128
q=32
iterations=32
collector_protocol=discard
collector_reuse=0
ws_mode=0
ws_buffer_count=1
operand_address_mode=same
input_d=0
tmem_columns=512
d_base_column=0
d_tile_base_delta=128
independent_d_count=4
d_reuse_distance=4
commit_interval=32
pending_mbarriers=1
wait_polling_mode=nocount
smem_base_offset=0
interference_mode=interference_only
interference_ops_per_iter=0
interference_warps=4
elapsed_cycles=603761
poll_count=0
max_abs_error=0.640625000
guard_ok=1
interference_sink=0.000000000

$ /xplorer/shijy/CUDA_optimazation/microbench/mma_config/05_ldshared_contention/build/tcgen05_05_ldshared_contention_bench --dtype bf16 --shape m128n128k16 --layout sw128 --q 32 --iterations 32 --collector-protocol discard --collector-reuse 0 --ws 0 --ws-buffer-count 1 --operand-address-mode same --input-d 0 --tmem-columns 512 --d-base-column 0 --d-tile-base-delta 128 --independent-d-count 4 --d-reuse-distance 4 --commit-interval 32 --pending-mbarriers 1 --wait-mode nocount --smem-base-offset 0 --interference-mode interference_only --interference-ops-per-iter 0 --interference-warps 4 --active-blocks 0
status=ok
experiment=05_ldshared_contention
gpu=NVIDIA Thor
compute_capability=11.0
sm_count=20
active_blocks=20
dtype=bf16
shape=m128n128k16
m=128
n=128
k=16
layout=sw128
q=32
iterations=32
collector_protocol=discard
collector_reuse=0
ws_mode=0
ws_buffer_count=1
operand_address_mode=same
input_d=0
tmem_columns=512
d_base_column=0
d_tile_base_delta=128
independent_d_count=4
d_reuse_distance=4
commit_interval=32
pending_mbarriers=1
wait_polling_mode=nocount
smem_base_offset=0
interference_mode=interference_only
interference_ops_per_iter=0
interference_warps=4
elapsed_cycles=603757
poll_count=0
max_abs_error=0.640625000
guard_ok=1
interference_sink=0.000000000

$ /xplorer/shijy/CUDA_optimazation/microbench/mma_config/05_ldshared_contention/build/tcgen05_05_ldshared_contention_bench --dtype bf16 --shape m128n128k16 --layout sw128 --q 32 --iterations 32 --collector-protocol discard --collector-reuse 0 --ws 0 --ws-buffer-count 1 --operand-address-mode same --input-d 0 --tmem-columns 512 --d-base-column 0 --d-tile-base-delta 128 --independent-d-count 4 --d-reuse-distance 4 --commit-interval 32 --pending-mbarriers 1 --wait-mode nocount --smem-base-offset 0 --interference-mode interference_only --interference-ops-per-iter 0 --interference-warps 4 --active-blocks 0
status=ok
experiment=05_ldshared_contention
gpu=NVIDIA Thor
compute_capability=11.0
sm_count=20
active_blocks=20
dtype=bf16
shape=m128n128k16
m=128
n=128
k=16
layout=sw128
q=32
iterations=32
collector_protocol=discard
collector_reuse=0
ws_mode=0
ws_buffer_count=1
operand_address_mode=same
input_d=0
tmem_columns=512
d_base_column=0
d_tile_base_delta=128
independent_d_count=4
d_reuse_distance=4
commit_interval=32
pending_mbarriers=1
wait_polling_mode=nocount
smem_base_offset=0
interference_mode=interference_only
interference_ops_per_iter=0
interference_warps=4
elapsed_cycles=603761
poll_count=0
max_abs_error=0.640625000
guard_ok=1
interference_sink=0.000000000

$ /xplorer/shijy/CUDA_optimazation/microbench/mma_config/05_ldshared_contention/build/tcgen05_05_ldshared_contention_bench --dtype bf16 --shape m128n128k16 --layout sw128 --q 32 --iterations 32 --collector-protocol discard --collector-reuse 0 --ws 0 --ws-buffer-count 1 --operand-address-mode same --input-d 0 --tmem-columns 512 --d-base-column 0 --d-tile-base-delta 128 --independent-d-count 4 --d-reuse-distance 4 --commit-interval 32 --pending-mbarriers 1 --wait-mode nocount --smem-base-offset 0 --interference-mode interference_only --interference-ops-per-iter 0 --interference-warps 4 --active-blocks 0
status=ok
experiment=05_ldshared_contention
gpu=NVIDIA Thor
compute_capability=11.0
sm_count=20
active_blocks=20
dtype=bf16
shape=m128n128k16
m=128
n=128
k=16
layout=sw128
q=32
iterations=32
collector_protocol=discard
collector_reuse=0
ws_mode=0
ws_buffer_count=1
operand_address_mode=same
input_d=0
tmem_columns=512
d_base_column=0
d_tile_base_delta=128
independent_d_count=4
d_reuse_distance=4
commit_interval=32
pending_mbarriers=1
wait_polling_mode=nocount
smem_base_offset=0
interference_mode=interference_only
interference_ops_per_iter=0
interference_warps=4
elapsed_cycles=603759
poll_count=0
max_abs_error=0.640625000
guard_ok=1
interference_sink=0.000000000

