==PROF== Connected to process 1175385 (/xplorer/shijy/CUDA_optimazation/results/sm110_gemm_campaign/thor-t5000-closure-maxn-20260814-d382b57-a-compute/cases/bf16_f32_m128n256k16_full_sm_4warp_block/benchmark)
==PROF== Profiling "benchmark" - 0: 0%....50%....100% - 11 passes
==PROF== Profiling "benchmark" - 1: 0%....50%....100% - 11 passes
case_id=bf16_f32_m128n256k16_full_sm_4warp_block
precision_id=bf16_f32
work_unit=flop
sm_count=20
logical_input_bits=16
descriptor_storage_bits=16
clock_hz=1575000000
blocks=20
unique_smid_count=20
warps_per_block=4
iters=1000
cycles=512441
globaltimer_start_min=591509695895264
globaltimer_stop_max=591509696220736
globaltimer_nanoseconds=325472
elapsed_seconds=3.254720000e-04
host_kernel_elapsed_seconds=1.123448639e-01
issued_work=83886080000
rate_per_second=2.577367024e+14
==PROF== Disconnected from process 1175385
==PROF== Report: /xplorer/shijy/CUDA_optimazation/results/sm110_gemm_campaign/thor-t5000-closure-maxn-20260814-d382b57-a-compute/cases/bf16_f32_m128n256k16_full_sm_4warp_block/ncu/profile.ncu-rep
