PASS fp16_f32_m128n64k16_single_warp_block: median=5.888441633e+12 flop/s
PASS fp16_f32_m128n64k16_full_sm_4warp_block: median=1.710296628e+14 flop/s
PASS fp16_f32_m128n128k16_single_warp_block: median=1.112250094e+13 flop/s
PASS fp16_f32_m128n128k16_full_sm_4warp_block: median=2.058711734e+14 flop/s
PASS fp16_f32_m128n256k16_single_warp_block: median=1.289799454e+13 flop/s
PASS fp16_f32_m128n256k16_full_sm_4warp_block: median=2.065296861e+14 flop/s
PASS bf16_f32_m128n64k16_single_warp_block: median=5.888441633e+12 flop/s
PASS bf16_f32_m128n64k16_full_sm_4warp_block: median=1.710519814e+14 flop/s
PASS bf16_f32_m128n128k16_single_warp_block: median=1.112212341e+13 flop/s
PASS bf16_f32_m128n128k16_full_sm_4warp_block: median=2.569837660e+14 flop/s
PASS bf16_f32_m128n256k16_single_warp_block: median=1.289774069e+13 flop/s
PASS bf16_f32_m128n256k16_full_sm_4warp_block: median=2.294215975e+14 flop/s
PASS tf32_f32_m128n64k8_single_warp_block: median=2.944220817e+12 flop/s
PASS tf32_f32_m128n64k8_full_sm_4warp_block: median=8.552487394e+13 flop/s
PASS tf32_f32_m128n128k8_single_warp_block: median=5.561061707e+12 flop/s
PASS tf32_f32_m128n128k8_full_sm_4warp_block: median=1.284944023e+14 flop/s
PASS tf32_f32_m128n256k8_single_warp_block: median=6.448870346e+12 flop/s
PASS tf32_f32_m128n256k8_full_sm_4warp_block: median=1.147113008e+14 flop/s
PASS e4m3_f32_m128n64k32_single_warp_block: median=1.177688327e+13 flop/s
PASS e4m3_f32_m128n64k32_full_sm_4warp_block: median=3.421262825e+14 flop/s
PASS e4m3_f32_m128n128k32_single_warp_block: median=2.224424683e+13 flop/s
PASS e4m3_f32_m128n128k32_full_sm_4warp_block: median=4.117326465e+14 flop/s
PASS e4m3_f32_m128n256k32_single_warp_block: median=2.579548138e+13 flop/s
PASS e4m3_f32_m128n256k32_full_sm_4warp_block: median=4.130561180e+14 flop/s
PASS e5m2_f32_m128n64k32_single_warp_block: median=1.177688327e+13 flop/s
PASS e5m2_f32_m128n64k32_full_sm_4warp_block: median=3.420682456e+14 flop/s
PASS e5m2_f32_m128n128k32_single_warp_block: median=2.224424683e+13 flop/s
PASS e5m2_f32_m128n128k32_full_sm_4warp_block: median=4.647664567e+14 flop/s
PASS e5m2_f32_m128n256k32_single_warp_block: median=2.579548138e+13 flop/s
PASS e5m2_f32_m128n256k32_full_sm_4warp_block: median=4.588431951e+14 flop/s
PASS e3m2_f32_m128n64k32_single_warp_block: median=1.177688327e+13 flop/s
PASS e3m2_f32_m128n64k32_full_sm_4warp_block: median=3.420191530e+14 flop/s
PASS e3m2_f32_m128n128k32_single_warp_block: median=2.224575696e+13 flop/s
PASS e3m2_f32_m128n128k32_full_sm_4warp_block: median=4.117391134e+14 flop/s
PASS e3m2_f32_m128n256k32_single_warp_block: median=2.579548138e+13 flop/s
PASS e3m2_f32_m128n256k32_full_sm_4warp_block: median=4.130593722e+14 flop/s
PASS e2m3_f32_m128n64k32_single_warp_block: median=1.177688327e+13 flop/s
PASS e2m3_f32_m128n64k32_full_sm_4warp_block: median=3.420414661e+14 flop/s
PASS e2m3_f32_m128n128k32_single_warp_block: median=2.224424683e+13 flop/s
PASS e2m3_f32_m128n128k32_full_sm_4warp_block: median=4.117391134e+14 flop/s
PASS e2m3_f32_m128n256k32_single_warp_block: median=2.579548138e+13 flop/s
PASS e2m3_f32_m128n256k32_full_sm_4warp_block: median=4.130593722e+14 flop/s
PASS e2m1_f32_m128n64k32_single_warp_block: median=1.177688327e+13 flop/s
PASS e2m1_f32_m128n64k32_full_sm_4warp_block: median=3.420593256e+14 flop/s
PASS e2m1_f32_m128n128k32_single_warp_block: median=2.224575696e+13 flop/s
PASS e2m1_f32_m128n128k32_full_sm_4warp_block: median=5.139876868e+14 flop/s
PASS e2m1_f32_m128n256k32_single_warp_block: median=2.579548138e+13 flop/s
PASS e2m1_f32_m128n256k32_full_sm_4warp_block: median=5.160441940e+14 flop/s
PASS mxfp4_f32_m128n64k64_single_warp_block: median=2.200819397e+13 flop/s
PASS mxfp4_f32_m128n64k64_full_sm_4warp_block: median=6.842168455e+14 flop/s
PASS mxfp4_f32_m128n128k64_single_warp_block: median=4.179058794e+13 flop/s
PASS mxfp4_f32_m128n128k64_full_sm_4warp_block: median=1.027975374e+15 flop/s
PASS mxfp4_f32_m128n256k64_single_warp_block: median=5.159096276e+13 flop/s
PASS mxfp4_f32_m128n256k64_full_sm_4warp_block: median=1.032093467e+15 flop/s
PASS nvfp4_f32_m128n64k64_single_warp_block: median=2.200819397e+13 flop/s
PASS nvfp4_f32_m128n64k64_full_sm_4warp_block: median=6.843418786e+14 flop/s
PASS nvfp4_f32_m128n128k64_single_warp_block: median=4.179058794e+13 flop/s
PASS nvfp4_f32_m128n128k64_full_sm_4warp_block: median=1.027975374e+15 flop/s
PASS nvfp4_f32_m128n256k64_single_warp_block: median=5.159299351e+13 flop/s
PASS nvfp4_f32_m128n256k64_full_sm_4warp_block: median=1.032093467e+15 flop/s
PASS s8_s32_m128n64k32_single_warp_block: median=1.177688327e+13 operation/s
PASS s8_s32_m128n64k32_full_sm_4warp_block: median=3.421843387e+14 operation/s
PASS s8_s32_m128n128k32_single_warp_block: median=2.224424683e+13 operation/s
PASS s8_s32_m128n128k32_full_sm_4warp_block: median=5.139826480e+14 operation/s
PASS s8_s32_m128n256k32_single_warp_block: median=2.579598906e+13 operation/s
PASS s8_s32_m128n256k32_full_sm_4warp_block: median=5.160467337e+14 operation/s
PASS u8_s32_m128n64k32_single_warp_block: median=1.177688327e+13 operation/s
PASS u8_s32_m128n64k32_full_sm_4warp_block: median=3.421754057e+14 operation/s
PASS u8_s32_m128n128k32_single_warp_block: median=2.224424683e+13 operation/s
PASS u8_s32_m128n128k32_full_sm_4warp_block: median=5.139876868e+14 operation/s
PASS u8_s32_m128n256k32_single_warp_block: median=2.579548138e+13 operation/s
PASS u8_s32_m128n256k32_full_sm_4warp_block: median=5.160467337e+14 operation/s
