==PROF== Connected to process 1190057 (/xplorer/shijy/CUDA_optimazation/results/sm110_gemm_campaign/thor-t5000-closure-maxn-20260814-d382b57-a-compute/cases/u8_s32_m128n256k32_full_sm_4warp_block/benchmark)
==PROF== Profiling "benchmark" - 0: 0%....50%....100% - 11 passes
==PROF== Profiling "benchmark" - 1: 0%....50%....100% - 11 passes
case_id=u8_s32_m128n256k32_full_sm_4warp_block
precision_id=u8_s32
work_unit=operation
sm_count=20
logical_input_bits=8
descriptor_storage_bits=8
clock_hz=1575000000
blocks=20
unique_smid_count=20
warps_per_block=4
iters=1000
cycles=512443
globaltimer_start_min=591735688231296
globaltimer_stop_max=591735688556704
globaltimer_nanoseconds=325408
elapsed_seconds=3.254080000e-04
host_kernel_elapsed_seconds=1.091942749e-01
issued_work=167772160000
rate_per_second=5.155747861e+14
==PROF== Disconnected from process 1190057
==PROF== Report: /xplorer/shijy/CUDA_optimazation/results/sm110_gemm_campaign/thor-t5000-closure-maxn-20260814-d382b57-a-compute/cases/u8_s32_m128n256k32_full_sm_4warp_block/ncu/profile.ncu-rep
