$ /xplorer/shijy/CUDA_optimazation/microbench/mma_config/02_latency_throughput/build/static_calibration/calibration_fp16_n128_q4_batch_ring_in0_same_discard_h32_none_ops0/bench --dtype fp16 --n 128 --q 4 --iterations 120 --mode batch --d-mode ring --input-d 0 --addr-mode same --collector discard --wait-hint 32 --active-blocks 1 --interference none --interference-ops 0
status=ok
gpu=NVIDIA Thor
compute_capability=11.0
sm_count=20
launch_blocks=1
dtype=fp16
n=128
q=4
iterations=120
mode=batch
d_mode=ring
addr_mode=same
collector=discard
input_d=0
wait_hint=32
interference=none
interference_ops=0
elapsed_cycles=75751
event_ms=0.145184
poll_count=120
max_abs_error=0.000000000
guard_ok=0
interference_sink=0.000000000

$ /xplorer/shijy/CUDA_optimazation/microbench/mma_config/02_latency_throughput/build/static_calibration/calibration_fp16_n128_q4_batch_ring_in0_same_discard_h32_none_ops0/bench --dtype fp16 --n 128 --q 4 --iterations 120 --mode batch --d-mode ring --input-d 0 --addr-mode same --collector discard --wait-hint 32 --active-blocks 1 --interference none --interference-ops 0
status=ok
gpu=NVIDIA Thor
compute_capability=11.0
sm_count=20
launch_blocks=1
dtype=fp16
n=128
q=4
iterations=120
mode=batch
d_mode=ring
addr_mode=same
collector=discard
input_d=0
wait_hint=32
interference=none
interference_ops=0
elapsed_cycles=75723
event_ms=0.145248
poll_count=120
max_abs_error=0.000000000
guard_ok=0
interference_sink=0.000000000

$ /xplorer/shijy/CUDA_optimazation/microbench/mma_config/02_latency_throughput/build/static_calibration/calibration_bf16_n256_q4_batch_ring_in0_same_discard_h32_none_ops0/bench --dtype bf16 --n 256 --q 4 --iterations 120 --mode batch --d-mode ring --input-d 0 --addr-mode same --collector discard --wait-hint 32 --active-blocks 1 --interference none --interference-ops 0
status=ok
gpu=NVIDIA Thor
compute_capability=11.0
sm_count=20
launch_blocks=1
dtype=bf16
n=256
q=4
iterations=120
mode=batch
d_mode=ring
addr_mode=same
collector=discard
input_d=0
wait_hint=32
interference=none
interference_ops=0
elapsed_cycles=103616
event_ms=0.164288
poll_count=239
max_abs_error=0.000000000
guard_ok=0
interference_sink=0.000000000

$ /xplorer/shijy/CUDA_optimazation/microbench/mma_config/02_latency_throughput/build/static_calibration/calibration_bf16_n256_q4_batch_ring_in0_same_discard_h32_none_ops0/bench --dtype bf16 --n 256 --q 4 --iterations 120 --mode batch --d-mode ring --input-d 0 --addr-mode same --collector discard --wait-hint 32 --active-blocks 1 --interference none --interference-ops 0
status=ok
gpu=NVIDIA Thor
compute_capability=11.0
sm_count=20
launch_blocks=1
dtype=bf16
n=256
q=4
iterations=120
mode=batch
d_mode=ring
addr_mode=same
collector=discard
input_d=0
wait_hint=32
interference=none
interference_ops=0
elapsed_cycles=103875
event_ms=0.163264
poll_count=240
max_abs_error=0.000000000
guard_ok=0
interference_sink=0.000000000

$ /xplorer/shijy/CUDA_optimazation/microbench/mma_config/02_latency_throughput/build/static_calibration/calibration_fp16_n256_q16_batch_ring_in0_same_discard_h0_none_ops0/bench --dtype fp16 --n 256 --q 16 --iterations 120 --mode batch --d-mode ring --input-d 0 --addr-mode same --collector discard --wait-hint 0 --active-blocks 0 --interference none --interference-ops 0
status=ok
gpu=NVIDIA Thor
compute_capability=11.0
sm_count=20
launch_blocks=20
dtype=fp16
n=256
q=16
iterations=120
mode=batch
d_mode=ring
addr_mode=same
collector=discard
input_d=0
wait_hint=0
interference=none
interference_ops=0
elapsed_cycles=297323
event_ms=0.318368
poll_count=7200
max_abs_error=0.000000000
guard_ok=0
interference_sink=0.000000000

$ /xplorer/shijy/CUDA_optimazation/microbench/mma_config/02_latency_throughput/build/static_calibration/calibration_fp16_n256_q16_batch_ring_in0_same_discard_h0_none_ops0/bench --dtype fp16 --n 256 --q 16 --iterations 120 --mode batch --d-mode ring --input-d 0 --addr-mode same --collector discard --wait-hint 0 --active-blocks 0 --interference none --interference-ops 0
status=ok
gpu=NVIDIA Thor
compute_capability=11.0
sm_count=20
launch_blocks=20
dtype=fp16
n=256
q=16
iterations=120
mode=batch
d_mode=ring
addr_mode=same
collector=discard
input_d=0
wait_hint=0
interference=none
interference_ops=0
elapsed_cycles=297255
event_ms=0.318688
poll_count=7197
max_abs_error=0.000000000
guard_ok=0
interference_sink=0.000000000

$ /xplorer/shijy/CUDA_optimazation/microbench/mma_config/02_latency_throughput/build/static_calibration/calibration_bf16_n128_q16_batch_ring_in0_same_discard_h32_none_ops0/bench --dtype bf16 --n 128 --q 16 --iterations 120 --mode batch --d-mode ring --input-d 0 --addr-mode same --collector discard --wait-hint 32 --active-blocks 1 --interference none --interference-ops 0
status=ok
gpu=NVIDIA Thor
compute_capability=11.0
sm_count=20
launch_blocks=1
dtype=bf16
n=128
q=16
iterations=120
mode=batch
d_mode=ring
addr_mode=same
collector=discard
input_d=0
wait_hint=32
interference=none
interference_ops=0
elapsed_cycles=164316
event_ms=0.202016
poll_count=230
max_abs_error=0.000000000
guard_ok=0
interference_sink=0.000000000

$ /xplorer/shijy/CUDA_optimazation/microbench/mma_config/02_latency_throughput/build/static_calibration/calibration_bf16_n128_q16_batch_ring_in0_same_discard_h32_none_ops0/bench --dtype bf16 --n 128 --q 16 --iterations 120 --mode batch --d-mode ring --input-d 0 --addr-mode same --collector discard --wait-hint 32 --active-blocks 1 --interference none --interference-ops 0
status=ok
gpu=NVIDIA Thor
compute_capability=11.0
sm_count=20
launch_blocks=1
dtype=bf16
n=128
q=16
iterations=120
mode=batch
d_mode=ring
addr_mode=same
collector=discard
input_d=0
wait_hint=32
interference=none
interference_ops=0
elapsed_cycles=164392
event_ms=0.201888
poll_count=232
max_abs_error=0.000000000
guard_ok=0
interference_sink=0.000000000

$ /xplorer/shijy/CUDA_optimazation/microbench/mma_config/02_latency_throughput/build/static_calibration/calibration_fp16_n256_q4_batch_ring_in0_same_discard_h32_none_ops0/bench --dtype fp16 --n 256 --q 4 --iterations 120 --mode batch --d-mode ring --input-d 0 --addr-mode same --collector discard --wait-hint 32 --active-blocks 0 --interference none --interference-ops 0
status=ok
gpu=NVIDIA Thor
compute_capability=11.0
sm_count=20
launch_blocks=20
dtype=fp16
n=256
q=4
iterations=120
mode=batch
d_mode=ring
addr_mode=same
collector=discard
input_d=0
wait_hint=32
interference=none
interference_ops=0
elapsed_cycles=103613
event_ms=0.197952
poll_count=4835
max_abs_error=0.000000000
guard_ok=0
interference_sink=0.000000000

$ /xplorer/shijy/CUDA_optimazation/microbench/mma_config/02_latency_throughput/build/static_calibration/calibration_fp16_n256_q4_batch_ring_in0_same_discard_h32_none_ops0/bench --dtype fp16 --n 256 --q 4 --iterations 120 --mode batch --d-mode ring --input-d 0 --addr-mode same --collector discard --wait-hint 32 --active-blocks 0 --interference none --interference-ops 0
status=ok
gpu=NVIDIA Thor
compute_capability=11.0
sm_count=20
launch_blocks=20
dtype=fp16
n=256
q=4
iterations=120
mode=batch
d_mode=ring
addr_mode=same
collector=discard
input_d=0
wait_hint=32
interference=none
interference_ops=0
elapsed_cycles=103562
event_ms=0.197760
poll_count=4820
max_abs_error=0.000000000
guard_ok=0
interference_sink=0.000000000

$ /xplorer/shijy/CUDA_optimazation/microbench/mma_config/02_latency_throughput/build/static_calibration/calibration_bf16_n128_q16_batch_ring_in0_same_discard_h10000000_none_ops0/bench --dtype bf16 --n 128 --q 16 --iterations 120 --mode batch --d-mode ring --input-d 0 --addr-mode same --collector discard --wait-hint 10000000 --active-blocks 1 --interference none --interference-ops 0
status=ok
gpu=NVIDIA Thor
compute_capability=11.0
sm_count=20
launch_blocks=1
dtype=bf16
n=128
q=16
iterations=120
mode=batch
d_mode=ring
addr_mode=same
collector=discard
input_d=0
wait_hint=10000000
interference=none
interference_ops=0
elapsed_cycles=168763
event_ms=0.204288
poll_count=120
max_abs_error=0.000000000
guard_ok=0
interference_sink=0.000000000

$ /xplorer/shijy/CUDA_optimazation/microbench/mma_config/02_latency_throughput/build/static_calibration/calibration_bf16_n128_q16_batch_ring_in0_same_discard_h10000000_none_ops0/bench --dtype bf16 --n 128 --q 16 --iterations 120 --mode batch --d-mode ring --input-d 0 --addr-mode same --collector discard --wait-hint 10000000 --active-blocks 1 --interference none --interference-ops 0
status=ok
gpu=NVIDIA Thor
compute_capability=11.0
sm_count=20
launch_blocks=1
dtype=bf16
n=128
q=16
iterations=120
mode=batch
d_mode=ring
addr_mode=same
collector=discard
input_d=0
wait_hint=10000000
interference=none
interference_ops=0
elapsed_cycles=168763
event_ms=0.204256
poll_count=120
max_abs_error=0.000000000
guard_ok=0
interference_sink=0.000000000

$ /xplorer/shijy/CUDA_optimazation/microbench/mma_config/02_latency_throughput/build/static_calibration/calibration_fp16_n256_q4_batch_ring_in0_same_discard_h0_none_ops0/bench --dtype fp16 --n 256 --q 4 --iterations 120 --mode batch --d-mode ring --input-d 0 --addr-mode same --collector discard --wait-hint 0 --active-blocks 0 --interference none --interference-ops 0
status=ok
gpu=NVIDIA Thor
compute_capability=11.0
sm_count=20
launch_blocks=20
dtype=fp16
n=256
q=4
iterations=120
mode=batch
d_mode=ring
addr_mode=same
collector=discard
input_d=0
wait_hint=0
interference=none
interference_ops=0
elapsed_cycles=101959
event_ms=0.196128
poll_count=4786
max_abs_error=0.000000000
guard_ok=0
interference_sink=0.000000000

$ /xplorer/shijy/CUDA_optimazation/microbench/mma_config/02_latency_throughput/build/static_calibration/calibration_fp16_n256_q4_batch_ring_in0_same_discard_h0_none_ops0/bench --dtype fp16 --n 256 --q 4 --iterations 120 --mode batch --d-mode ring --input-d 0 --addr-mode same --collector discard --wait-hint 0 --active-blocks 0 --interference none --interference-ops 0
status=ok
gpu=NVIDIA Thor
compute_capability=11.0
sm_count=20
launch_blocks=20
dtype=fp16
n=256
q=4
iterations=120
mode=batch
d_mode=ring
addr_mode=same
collector=discard
input_d=0
wait_hint=0
interference=none
interference_ops=0
elapsed_cycles=101712
event_ms=0.196832
poll_count=4782
max_abs_error=0.000000000
guard_ok=0
interference_sink=0.000000000

$ /xplorer/shijy/CUDA_optimazation/microbench/mma_config/02_latency_throughput/build/static_calibration/calibration_bf16_n128_q4_batch_ring_in0_same_discard_h32_none_ops0/bench --dtype bf16 --n 128 --q 4 --iterations 120 --mode batch --d-mode ring --input-d 0 --addr-mode same --collector discard --wait-hint 32 --active-blocks 0 --interference none --interference-ops 0
status=ok
gpu=NVIDIA Thor
compute_capability=11.0
sm_count=20
launch_blocks=20
dtype=bf16
n=128
q=4
iterations=120
mode=batch
d_mode=ring
addr_mode=same
collector=discard
input_d=0
wait_hint=32
interference=none
interference_ops=0
elapsed_cycles=75785
event_ms=0.177312
poll_count=2400
max_abs_error=0.000000000
guard_ok=0
interference_sink=0.000000000

$ /xplorer/shijy/CUDA_optimazation/microbench/mma_config/02_latency_throughput/build/static_calibration/calibration_bf16_n128_q4_batch_ring_in0_same_discard_h32_none_ops0/bench --dtype bf16 --n 128 --q 4 --iterations 120 --mode batch --d-mode ring --input-d 0 --addr-mode same --collector discard --wait-hint 32 --active-blocks 0 --interference none --interference-ops 0
status=ok
gpu=NVIDIA Thor
compute_capability=11.0
sm_count=20
launch_blocks=20
dtype=bf16
n=128
q=4
iterations=120
mode=batch
d_mode=ring
addr_mode=same
collector=discard
input_d=0
wait_hint=32
interference=none
interference_ops=0
elapsed_cycles=75796
event_ms=0.179776
poll_count=2400
max_abs_error=0.000000000
guard_ok=0
interference_sink=0.000000000

$ /xplorer/shijy/CUDA_optimazation/microbench/mma_config/02_latency_throughput/build/static_calibration/calibration_fp16_n128_q16_batch_ring_in0_same_discard_h10000000_none_ops0/bench --dtype fp16 --n 128 --q 16 --iterations 120 --mode batch --d-mode ring --input-d 0 --addr-mode same --collector discard --wait-hint 10000000 --active-blocks 0 --interference none --interference-ops 0
status=ok
gpu=NVIDIA Thor
compute_capability=11.0
sm_count=20
launch_blocks=20
dtype=fp16
n=128
q=16
iterations=120
mode=batch
d_mode=ring
addr_mode=same
collector=discard
input_d=0
wait_hint=10000000
interference=none
interference_ops=0
elapsed_cycles=168767
event_ms=0.237408
poll_count=2400
max_abs_error=0.000000000
guard_ok=0
interference_sink=0.000000000

$ /xplorer/shijy/CUDA_optimazation/microbench/mma_config/02_latency_throughput/build/static_calibration/calibration_fp16_n128_q16_batch_ring_in0_same_discard_h10000000_none_ops0/bench --dtype fp16 --n 128 --q 16 --iterations 120 --mode batch --d-mode ring --input-d 0 --addr-mode same --collector discard --wait-hint 10000000 --active-blocks 0 --interference none --interference-ops 0
status=ok
gpu=NVIDIA Thor
compute_capability=11.0
sm_count=20
launch_blocks=20
dtype=fp16
n=128
q=16
iterations=120
mode=batch
d_mode=ring
addr_mode=same
collector=discard
input_d=0
wait_hint=10000000
interference=none
interference_ops=0
elapsed_cycles=168770
event_ms=0.238816
poll_count=2400
max_abs_error=0.000000000
guard_ok=0
interference_sink=0.000000000

$ /xplorer/shijy/CUDA_optimazation/microbench/mma_config/02_latency_throughput/build/static_calibration/calibration_fp16_n256_q4_batch_ring_in0_same_discard_h10000000_none_ops0/bench --dtype fp16 --n 256 --q 4 --iterations 120 --mode batch --d-mode ring --input-d 0 --addr-mode same --collector discard --wait-hint 10000000 --active-blocks 1 --interference none --interference-ops 0
status=ok
gpu=NVIDIA Thor
compute_capability=11.0
sm_count=20
launch_blocks=1
dtype=fp16
n=256
q=4
iterations=120
mode=batch
d_mode=ring
addr_mode=same
collector=discard
input_d=0
wait_hint=10000000
interference=none
interference_ops=0
elapsed_cycles=107163
event_ms=0.165088
poll_count=120
max_abs_error=0.000000000
guard_ok=0
interference_sink=0.000000000

$ /xplorer/shijy/CUDA_optimazation/microbench/mma_config/02_latency_throughput/build/static_calibration/calibration_fp16_n256_q4_batch_ring_in0_same_discard_h10000000_none_ops0/bench --dtype fp16 --n 256 --q 4 --iterations 120 --mode batch --d-mode ring --input-d 0 --addr-mode same --collector discard --wait-hint 10000000 --active-blocks 1 --interference none --interference-ops 0
status=ok
gpu=NVIDIA Thor
compute_capability=11.0
sm_count=20
launch_blocks=1
dtype=fp16
n=256
q=4
iterations=120
mode=batch
d_mode=ring
addr_mode=same
collector=discard
input_d=0
wait_hint=10000000
interference=none
interference_ops=0
elapsed_cycles=107163
event_ms=0.166208
poll_count=120
max_abs_error=0.000000000
guard_ok=0
interference_sink=0.000000000

$ /xplorer/shijy/CUDA_optimazation/microbench/mma_config/02_latency_throughput/build/static_calibration/calibration_bf16_n256_q16_batch_ring_in0_same_discard_h10000000_none_ops0/bench --dtype bf16 --n 256 --q 16 --iterations 120 --mode batch --d-mode ring --input-d 0 --addr-mode same --collector discard --wait-hint 10000000 --active-blocks 1 --interference none --interference-ops 0
status=ok
gpu=NVIDIA Thor
compute_capability=11.0
sm_count=20
launch_blocks=1
dtype=bf16
n=256
q=16
iterations=120
mode=batch
d_mode=ring
addr_mode=same
collector=discard
input_d=0
wait_hint=10000000
interference=none
interference_ops=0
elapsed_cycles=291367
event_ms=0.282720
poll_count=120
max_abs_error=0.000000000
guard_ok=0
interference_sink=0.000000000

$ /xplorer/shijy/CUDA_optimazation/microbench/mma_config/02_latency_throughput/build/static_calibration/calibration_bf16_n256_q16_batch_ring_in0_same_discard_h10000000_none_ops0/bench --dtype bf16 --n 256 --q 16 --iterations 120 --mode batch --d-mode ring --input-d 0 --addr-mode same --collector discard --wait-hint 10000000 --active-blocks 1 --interference none --interference-ops 0
status=ok
gpu=NVIDIA Thor
compute_capability=11.0
sm_count=20
launch_blocks=1
dtype=bf16
n=256
q=16
iterations=120
mode=batch
d_mode=ring
addr_mode=same
collector=discard
input_d=0
wait_hint=10000000
interference=none
interference_ops=0
elapsed_cycles=291367
event_ms=0.282208
poll_count=120
max_abs_error=0.000000000
guard_ok=0
interference_sink=0.000000000

$ /xplorer/shijy/CUDA_optimazation/microbench/mma_config/02_latency_throughput/build/static_calibration/calibration_fp16_n256_q4_batch_ring_in0_same_discard_h32_none_ops0/bench --dtype fp16 --n 256 --q 4 --iterations 120 --mode batch --d-mode ring --input-d 0 --addr-mode same --collector discard --wait-hint 32 --active-blocks 1 --interference none --interference-ops 0
status=ok
gpu=NVIDIA Thor
compute_capability=11.0
sm_count=20
launch_blocks=1
dtype=fp16
n=256
q=4
iterations=120
mode=batch
d_mode=ring
addr_mode=same
collector=discard
input_d=0
wait_hint=32
interference=none
interference_ops=0
elapsed_cycles=103878
event_ms=0.162784
poll_count=241
max_abs_error=0.000000000
guard_ok=0
interference_sink=0.000000000

$ /xplorer/shijy/CUDA_optimazation/microbench/mma_config/02_latency_throughput/build/static_calibration/calibration_fp16_n256_q4_batch_ring_in0_same_discard_h32_none_ops0/bench --dtype fp16 --n 256 --q 4 --iterations 120 --mode batch --d-mode ring --input-d 0 --addr-mode same --collector discard --wait-hint 32 --active-blocks 1 --interference none --interference-ops 0
status=ok
gpu=NVIDIA Thor
compute_capability=11.0
sm_count=20
launch_blocks=1
dtype=fp16
n=256
q=4
iterations=120
mode=batch
d_mode=ring
addr_mode=same
collector=discard
input_d=0
wait_hint=32
interference=none
interference_ops=0
elapsed_cycles=103715
event_ms=0.163904
poll_count=241
max_abs_error=0.000000000
guard_ok=0
interference_sink=0.000000000

$ /xplorer/shijy/CUDA_optimazation/microbench/mma_config/02_latency_throughput/build/static_calibration/calibration_bf16_n128_q16_batch_ring_in0_same_discard_h10000000_none_ops0/bench --dtype bf16 --n 128 --q 16 --iterations 120 --mode batch --d-mode ring --input-d 0 --addr-mode same --collector discard --wait-hint 10000000 --active-blocks 0 --interference none --interference-ops 0
status=ok
gpu=NVIDIA Thor
compute_capability=11.0
sm_count=20
launch_blocks=20
dtype=bf16
n=128
q=16
iterations=120
mode=batch
d_mode=ring
addr_mode=same
collector=discard
input_d=0
wait_hint=10000000
interference=none
interference_ops=0
elapsed_cycles=168772
event_ms=0.238656
poll_count=2400
max_abs_error=0.000000000
guard_ok=0
interference_sink=0.000000000

$ /xplorer/shijy/CUDA_optimazation/microbench/mma_config/02_latency_throughput/build/static_calibration/calibration_bf16_n128_q16_batch_ring_in0_same_discard_h10000000_none_ops0/bench --dtype bf16 --n 128 --q 16 --iterations 120 --mode batch --d-mode ring --input-d 0 --addr-mode same --collector discard --wait-hint 10000000 --active-blocks 0 --interference none --interference-ops 0
status=ok
gpu=NVIDIA Thor
compute_capability=11.0
sm_count=20
launch_blocks=20
dtype=bf16
n=128
q=16
iterations=120
mode=batch
d_mode=ring
addr_mode=same
collector=discard
input_d=0
wait_hint=10000000
interference=none
interference_ops=0
elapsed_cycles=168772
event_ms=0.237536
poll_count=2400
max_abs_error=0.000000000
guard_ok=0
interference_sink=0.000000000

$ /xplorer/shijy/CUDA_optimazation/microbench/mma_config/02_latency_throughput/build/static_calibration/calibration_bf16_n256_q16_batch_ring_in0_same_discard_h32_none_ops0/bench --dtype bf16 --n 256 --q 16 --iterations 120 --mode batch --d-mode ring --input-d 0 --addr-mode same --collector discard --wait-hint 32 --active-blocks 0 --interference none --interference-ops 0
status=ok
gpu=NVIDIA Thor
compute_capability=11.0
sm_count=20
launch_blocks=20
dtype=bf16
n=256
q=16
iterations=120
mode=batch
d_mode=ring
addr_mode=same
collector=discard
input_d=0
wait_hint=32
interference=none
interference_ops=0
elapsed_cycles=297100
event_ms=0.322336
poll_count=7199
max_abs_error=0.000000000
guard_ok=0
interference_sink=0.000000000

$ /xplorer/shijy/CUDA_optimazation/microbench/mma_config/02_latency_throughput/build/static_calibration/calibration_bf16_n256_q16_batch_ring_in0_same_discard_h32_none_ops0/bench --dtype bf16 --n 256 --q 16 --iterations 120 --mode batch --d-mode ring --input-d 0 --addr-mode same --collector discard --wait-hint 32 --active-blocks 0 --interference none --interference-ops 0
status=ok
gpu=NVIDIA Thor
compute_capability=11.0
sm_count=20
launch_blocks=20
dtype=bf16
n=256
q=16
iterations=120
mode=batch
d_mode=ring
addr_mode=same
collector=discard
input_d=0
wait_hint=32
interference=none
interference_ops=0
elapsed_cycles=296710
event_ms=0.320352
poll_count=7182
max_abs_error=0.000000000
guard_ok=0
interference_sink=0.000000000

$ /xplorer/shijy/CUDA_optimazation/microbench/mma_config/02_latency_throughput/build/static_calibration/calibration_fp16_n256_q16_batch_ring_in0_same_discard_h10000000_none_ops0/bench --dtype fp16 --n 256 --q 16 --iterations 120 --mode batch --d-mode ring --input-d 0 --addr-mode same --collector discard --wait-hint 10000000 --active-blocks 1 --interference none --interference-ops 0
status=ok
gpu=NVIDIA Thor
compute_capability=11.0
sm_count=20
launch_blocks=1
dtype=fp16
n=256
q=16
iterations=120
mode=batch
d_mode=ring
addr_mode=same
collector=discard
input_d=0
wait_hint=10000000
interference=none
interference_ops=0
elapsed_cycles=291367
event_ms=0.282112
poll_count=120
max_abs_error=0.000000000
guard_ok=0
interference_sink=0.000000000

$ /xplorer/shijy/CUDA_optimazation/microbench/mma_config/02_latency_throughput/build/static_calibration/calibration_fp16_n256_q16_batch_ring_in0_same_discard_h10000000_none_ops0/bench --dtype fp16 --n 256 --q 16 --iterations 120 --mode batch --d-mode ring --input-d 0 --addr-mode same --collector discard --wait-hint 10000000 --active-blocks 1 --interference none --interference-ops 0
status=ok
gpu=NVIDIA Thor
compute_capability=11.0
sm_count=20
launch_blocks=1
dtype=fp16
n=256
q=16
iterations=120
mode=batch
d_mode=ring
addr_mode=same
collector=discard
input_d=0
wait_hint=10000000
interference=none
interference_ops=0
elapsed_cycles=291367
event_ms=0.281248
poll_count=120
max_abs_error=0.000000000
guard_ok=0
interference_sink=0.000000000

$ /xplorer/shijy/CUDA_optimazation/microbench/mma_config/02_latency_throughput/build/static_calibration/calibration_bf16_n128_q4_batch_ring_in0_same_discard_h0_none_ops0/bench --dtype bf16 --n 128 --q 4 --iterations 120 --mode batch --d-mode ring --input-d 0 --addr-mode same --collector discard --wait-hint 0 --active-blocks 1 --interference none --interference-ops 0
status=ok
gpu=NVIDIA Thor
compute_capability=11.0
sm_count=20
launch_blocks=1
dtype=bf16
n=128
q=4
iterations=120
mode=batch
d_mode=ring
addr_mode=same
collector=discard
input_d=0
wait_hint=0
interference=none
interference_ops=0
elapsed_cycles=69965
event_ms=0.142720
poll_count=120
max_abs_error=0.000000000
guard_ok=0
interference_sink=0.000000000

$ /xplorer/shijy/CUDA_optimazation/microbench/mma_config/02_latency_throughput/build/static_calibration/calibration_bf16_n128_q4_batch_ring_in0_same_discard_h0_none_ops0/bench --dtype bf16 --n 128 --q 4 --iterations 120 --mode batch --d-mode ring --input-d 0 --addr-mode same --collector discard --wait-hint 0 --active-blocks 1 --interference none --interference-ops 0
status=ok
gpu=NVIDIA Thor
compute_capability=11.0
sm_count=20
launch_blocks=1
dtype=bf16
n=128
q=4
iterations=120
mode=batch
d_mode=ring
addr_mode=same
collector=discard
input_d=0
wait_hint=0
interference=none
interference_ops=0
elapsed_cycles=69965
event_ms=0.142464
poll_count=120
max_abs_error=0.000000000
guard_ok=0
interference_sink=0.000000000

$ /xplorer/shijy/CUDA_optimazation/microbench/mma_config/02_latency_throughput/build/static_calibration/calibration_fp16_n256_q16_batch_ring_in0_same_discard_h10000000_none_ops0/bench --dtype fp16 --n 256 --q 16 --iterations 120 --mode batch --d-mode ring --input-d 0 --addr-mode same --collector discard --wait-hint 10000000 --active-blocks 0 --interference none --interference-ops 0
status=ok
gpu=NVIDIA Thor
compute_capability=11.0
sm_count=20
launch_blocks=20
dtype=fp16
n=256
q=16
iterations=120
mode=batch
d_mode=ring
addr_mode=same
collector=discard
input_d=0
wait_hint=10000000
interference=none
interference_ops=0
elapsed_cycles=291370
event_ms=0.318272
poll_count=2400
max_abs_error=0.000000000
guard_ok=0
interference_sink=0.000000000

$ /xplorer/shijy/CUDA_optimazation/microbench/mma_config/02_latency_throughput/build/static_calibration/calibration_fp16_n256_q16_batch_ring_in0_same_discard_h10000000_none_ops0/bench --dtype fp16 --n 256 --q 16 --iterations 120 --mode batch --d-mode ring --input-d 0 --addr-mode same --collector discard --wait-hint 10000000 --active-blocks 0 --interference none --interference-ops 0
status=ok
gpu=NVIDIA Thor
compute_capability=11.0
sm_count=20
launch_blocks=20
dtype=fp16
n=256
q=16
iterations=120
mode=batch
d_mode=ring
addr_mode=same
collector=discard
input_d=0
wait_hint=10000000
interference=none
interference_ops=0
elapsed_cycles=291367
event_ms=0.316640
poll_count=2400
max_abs_error=0.000000000
guard_ok=0
interference_sink=0.000000000

$ /xplorer/shijy/CUDA_optimazation/microbench/mma_config/02_latency_throughput/build/static_calibration/calibration_fp16_n128_q4_batch_ring_in0_same_discard_h0_none_ops0/bench --dtype fp16 --n 128 --q 4 --iterations 120 --mode batch --d-mode ring --input-d 0 --addr-mode same --collector discard --wait-hint 0 --active-blocks 0 --interference none --interference-ops 0
status=ok
gpu=NVIDIA Thor
compute_capability=11.0
sm_count=20
launch_blocks=20
dtype=fp16
n=128
q=4
iterations=120
mode=batch
d_mode=ring
addr_mode=same
collector=discard
input_d=0
wait_hint=0
interference=none
interference_ops=0
elapsed_cycles=69971
event_ms=0.175104
poll_count=2400
max_abs_error=0.000000000
guard_ok=0
interference_sink=0.000000000

$ /xplorer/shijy/CUDA_optimazation/microbench/mma_config/02_latency_throughput/build/static_calibration/calibration_fp16_n128_q4_batch_ring_in0_same_discard_h0_none_ops0/bench --dtype fp16 --n 128 --q 4 --iterations 120 --mode batch --d-mode ring --input-d 0 --addr-mode same --collector discard --wait-hint 0 --active-blocks 0 --interference none --interference-ops 0
status=ok
gpu=NVIDIA Thor
compute_capability=11.0
sm_count=20
launch_blocks=20
dtype=fp16
n=128
q=4
iterations=120
mode=batch
d_mode=ring
addr_mode=same
collector=discard
input_d=0
wait_hint=0
interference=none
interference_ops=0
elapsed_cycles=69972
event_ms=0.175776
poll_count=2400
max_abs_error=0.000000000
guard_ok=0
interference_sink=0.000000000

$ /xplorer/shijy/CUDA_optimazation/microbench/mma_config/02_latency_throughput/build/static_calibration/calibration_bf16_n256_q4_batch_ring_in0_same_discard_h10000000_none_ops0/bench --dtype bf16 --n 256 --q 4 --iterations 120 --mode batch --d-mode ring --input-d 0 --addr-mode same --collector discard --wait-hint 10000000 --active-blocks 1 --interference none --interference-ops 0
status=ok
gpu=NVIDIA Thor
compute_capability=11.0
sm_count=20
launch_blocks=1
dtype=bf16
n=256
q=4
iterations=120
mode=batch
d_mode=ring
addr_mode=same
collector=discard
input_d=0
wait_hint=10000000
interference=none
interference_ops=0
elapsed_cycles=107132
event_ms=0.164608
poll_count=120
max_abs_error=0.000000000
guard_ok=0
interference_sink=0.000000000

$ /xplorer/shijy/CUDA_optimazation/microbench/mma_config/02_latency_throughput/build/static_calibration/calibration_bf16_n256_q4_batch_ring_in0_same_discard_h10000000_none_ops0/bench --dtype bf16 --n 256 --q 4 --iterations 120 --mode batch --d-mode ring --input-d 0 --addr-mode same --collector discard --wait-hint 10000000 --active-blocks 1 --interference none --interference-ops 0
status=ok
gpu=NVIDIA Thor
compute_capability=11.0
sm_count=20
launch_blocks=1
dtype=bf16
n=256
q=4
iterations=120
mode=batch
d_mode=ring
addr_mode=same
collector=discard
input_d=0
wait_hint=10000000
interference=none
interference_ops=0
elapsed_cycles=107163
event_ms=0.165344
poll_count=120
max_abs_error=0.000000000
guard_ok=0
interference_sink=0.000000000

$ /xplorer/shijy/CUDA_optimazation/microbench/mma_config/02_latency_throughput/build/static_calibration/calibration_bf16_n128_q4_batch_ring_in0_same_discard_h10000000_none_ops0/bench --dtype bf16 --n 128 --q 4 --iterations 120 --mode batch --d-mode ring --input-d 0 --addr-mode same --collector discard --wait-hint 10000000 --active-blocks 0 --interference none --interference-ops 0
status=ok
gpu=NVIDIA Thor
compute_capability=11.0
sm_count=20
launch_blocks=20
dtype=bf16
n=128
q=4
iterations=120
mode=batch
d_mode=ring
addr_mode=same
collector=discard
input_d=0
wait_hint=10000000
interference=none
interference_ops=0
elapsed_cycles=76784
event_ms=0.185184
poll_count=2400
max_abs_error=0.000000000
guard_ok=0
interference_sink=0.000000000

$ /xplorer/shijy/CUDA_optimazation/microbench/mma_config/02_latency_throughput/build/static_calibration/calibration_bf16_n128_q4_batch_ring_in0_same_discard_h10000000_none_ops0/bench --dtype bf16 --n 128 --q 4 --iterations 120 --mode batch --d-mode ring --input-d 0 --addr-mode same --collector discard --wait-hint 10000000 --active-blocks 0 --interference none --interference-ops 0
status=ok
gpu=NVIDIA Thor
compute_capability=11.0
sm_count=20
launch_blocks=20
dtype=bf16
n=128
q=4
iterations=120
mode=batch
d_mode=ring
addr_mode=same
collector=discard
input_d=0
wait_hint=10000000
interference=none
interference_ops=0
elapsed_cycles=76782
event_ms=0.178080
poll_count=2400
max_abs_error=0.000000000
guard_ok=0
interference_sink=0.000000000

$ /xplorer/shijy/CUDA_optimazation/microbench/mma_config/02_latency_throughput/build/static_calibration/calibration_bf16_n128_q16_batch_ring_in0_same_discard_h32_none_ops0/bench --dtype bf16 --n 128 --q 16 --iterations 120 --mode batch --d-mode ring --input-d 0 --addr-mode same --collector discard --wait-hint 32 --active-blocks 0 --interference none --interference-ops 0
status=ok
gpu=NVIDIA Thor
compute_capability=11.0
sm_count=20
launch_blocks=20
dtype=bf16
n=128
q=16
iterations=120
mode=batch
d_mode=ring
addr_mode=same
collector=discard
input_d=0
wait_hint=32
interference=none
interference_ops=0
elapsed_cycles=164276
event_ms=0.237504
poll_count=4546
max_abs_error=0.000000000
guard_ok=0
interference_sink=0.000000000

$ /xplorer/shijy/CUDA_optimazation/microbench/mma_config/02_latency_throughput/build/static_calibration/calibration_bf16_n128_q16_batch_ring_in0_same_discard_h32_none_ops0/bench --dtype bf16 --n 128 --q 16 --iterations 120 --mode batch --d-mode ring --input-d 0 --addr-mode same --collector discard --wait-hint 32 --active-blocks 0 --interference none --interference-ops 0
status=ok
gpu=NVIDIA Thor
compute_capability=11.0
sm_count=20
launch_blocks=20
dtype=bf16
n=128
q=16
iterations=120
mode=batch
d_mode=ring
addr_mode=same
collector=discard
input_d=0
wait_hint=32
interference=none
interference_ops=0
elapsed_cycles=164300
event_ms=0.236064
poll_count=4537
max_abs_error=0.000000000
guard_ok=0
interference_sink=0.000000000

$ /xplorer/shijy/CUDA_optimazation/microbench/mma_config/02_latency_throughput/build/static_calibration/calibration_bf16_n256_q16_batch_ring_in0_same_discard_h0_none_ops0/bench --dtype bf16 --n 256 --q 16 --iterations 120 --mode batch --d-mode ring --input-d 0 --addr-mode same --collector discard --wait-hint 0 --active-blocks 1 --interference none --interference-ops 0
status=ok
gpu=NVIDIA Thor
compute_capability=11.0
sm_count=20
launch_blocks=1
dtype=bf16
n=256
q=16
iterations=120
mode=batch
d_mode=ring
addr_mode=same
collector=discard
input_d=0
wait_hint=0
interference=none
interference_ops=0
elapsed_cycles=297282
event_ms=0.286784
poll_count=360
max_abs_error=0.000000000
guard_ok=0
interference_sink=0.000000000

$ /xplorer/shijy/CUDA_optimazation/microbench/mma_config/02_latency_throughput/build/static_calibration/calibration_bf16_n256_q16_batch_ring_in0_same_discard_h0_none_ops0/bench --dtype bf16 --n 256 --q 16 --iterations 120 --mode batch --d-mode ring --input-d 0 --addr-mode same --collector discard --wait-hint 0 --active-blocks 1 --interference none --interference-ops 0
status=ok
gpu=NVIDIA Thor
compute_capability=11.0
sm_count=20
launch_blocks=1
dtype=bf16
n=256
q=16
iterations=120
mode=batch
d_mode=ring
addr_mode=same
collector=discard
input_d=0
wait_hint=0
interference=none
interference_ops=0
elapsed_cycles=297291
event_ms=0.286304
poll_count=360
max_abs_error=0.000000000
guard_ok=0
interference_sink=0.000000000

$ /xplorer/shijy/CUDA_optimazation/microbench/mma_config/02_latency_throughput/build/static_calibration/calibration_fp16_n128_q16_batch_ring_in0_same_discard_h32_none_ops0/bench --dtype fp16 --n 128 --q 16 --iterations 120 --mode batch --d-mode ring --input-d 0 --addr-mode same --collector discard --wait-hint 32 --active-blocks 0 --interference none --interference-ops 0
status=ok
gpu=NVIDIA Thor
compute_capability=11.0
sm_count=20
launch_blocks=20
dtype=fp16
n=128
q=16
iterations=120
mode=batch
d_mode=ring
addr_mode=same
collector=discard
input_d=0
wait_hint=32
interference=none
interference_ops=0
elapsed_cycles=164353
event_ms=0.235488
poll_count=4561
max_abs_error=0.000000000
guard_ok=0
interference_sink=0.000000000

$ /xplorer/shijy/CUDA_optimazation/microbench/mma_config/02_latency_throughput/build/static_calibration/calibration_fp16_n128_q16_batch_ring_in0_same_discard_h32_none_ops0/bench --dtype fp16 --n 128 --q 16 --iterations 120 --mode batch --d-mode ring --input-d 0 --addr-mode same --collector discard --wait-hint 32 --active-blocks 0 --interference none --interference-ops 0
status=ok
gpu=NVIDIA Thor
compute_capability=11.0
sm_count=20
launch_blocks=20
dtype=fp16
n=128
q=16
iterations=120
mode=batch
d_mode=ring
addr_mode=same
collector=discard
input_d=0
wait_hint=32
interference=none
interference_ops=0
elapsed_cycles=164377
event_ms=0.234592
poll_count=4598
max_abs_error=0.000000000
guard_ok=0
interference_sink=0.000000000

$ /xplorer/shijy/CUDA_optimazation/microbench/mma_config/02_latency_throughput/build/static_calibration/calibration_fp16_n128_q4_batch_ring_in0_same_discard_h32_none_ops0/bench --dtype fp16 --n 128 --q 4 --iterations 120 --mode batch --d-mode ring --input-d 0 --addr-mode same --collector discard --wait-hint 32 --active-blocks 0 --interference none --interference-ops 0
status=ok
gpu=NVIDIA Thor
compute_capability=11.0
sm_count=20
launch_blocks=20
dtype=fp16
n=128
q=4
iterations=120
mode=batch
d_mode=ring
addr_mode=same
collector=discard
input_d=0
wait_hint=32
interference=none
interference_ops=0
elapsed_cycles=75795
event_ms=0.180256
poll_count=2400
max_abs_error=0.000000000
guard_ok=0
interference_sink=0.000000000

$ /xplorer/shijy/CUDA_optimazation/microbench/mma_config/02_latency_throughput/build/static_calibration/calibration_fp16_n128_q4_batch_ring_in0_same_discard_h32_none_ops0/bench --dtype fp16 --n 128 --q 4 --iterations 120 --mode batch --d-mode ring --input-d 0 --addr-mode same --collector discard --wait-hint 32 --active-blocks 0 --interference none --interference-ops 0
status=ok
gpu=NVIDIA Thor
compute_capability=11.0
sm_count=20
launch_blocks=20
dtype=fp16
n=128
q=4
iterations=120
mode=batch
d_mode=ring
addr_mode=same
collector=discard
input_d=0
wait_hint=32
interference=none
interference_ops=0
elapsed_cycles=75849
event_ms=0.181248
poll_count=2400
max_abs_error=0.000000000
guard_ok=0
interference_sink=0.000000000

$ /xplorer/shijy/CUDA_optimazation/microbench/mma_config/02_latency_throughput/build/static_calibration/calibration_bf16_n128_q16_batch_ring_in0_same_discard_h0_none_ops0/bench --dtype bf16 --n 128 --q 16 --iterations 120 --mode batch --d-mode ring --input-d 0 --addr-mode same --collector discard --wait-hint 0 --active-blocks 0 --interference none --interference-ops 0
status=ok
gpu=NVIDIA Thor
compute_capability=11.0
sm_count=20
launch_blocks=20
dtype=bf16
n=128
q=16
iterations=120
mode=batch
d_mode=ring
addr_mode=same
collector=discard
input_d=0
wait_hint=0
interference=none
interference_ops=0
elapsed_cycles=166473
event_ms=0.235584
poll_count=4657
max_abs_error=0.000000000
guard_ok=0
interference_sink=0.000000000

$ /xplorer/shijy/CUDA_optimazation/microbench/mma_config/02_latency_throughput/build/static_calibration/calibration_bf16_n128_q16_batch_ring_in0_same_discard_h0_none_ops0/bench --dtype bf16 --n 128 --q 16 --iterations 120 --mode batch --d-mode ring --input-d 0 --addr-mode same --collector discard --wait-hint 0 --active-blocks 0 --interference none --interference-ops 0
status=ok
gpu=NVIDIA Thor
compute_capability=11.0
sm_count=20
launch_blocks=20
dtype=bf16
n=128
q=16
iterations=120
mode=batch
d_mode=ring
addr_mode=same
collector=discard
input_d=0
wait_hint=0
interference=none
interference_ops=0
elapsed_cycles=166426
event_ms=0.235136
poll_count=4664
max_abs_error=0.000000000
guard_ok=0
interference_sink=0.000000000

$ /xplorer/shijy/CUDA_optimazation/microbench/mma_config/02_latency_throughput/build/static_calibration/calibration_fp16_n256_q4_batch_ring_in0_same_discard_h0_none_ops0/bench --dtype fp16 --n 256 --q 4 --iterations 120 --mode batch --d-mode ring --input-d 0 --addr-mode same --collector discard --wait-hint 0 --active-blocks 1 --interference none --interference-ops 0
status=ok
gpu=NVIDIA Thor
compute_capability=11.0
sm_count=20
launch_blocks=1
dtype=fp16
n=256
q=4
iterations=120
mode=batch
d_mode=ring
addr_mode=same
collector=discard
input_d=0
wait_hint=0
interference=none
interference_ops=0
elapsed_cycles=102038
event_ms=0.162400
poll_count=239
max_abs_error=0.000000000
guard_ok=0
interference_sink=0.000000000

$ /xplorer/shijy/CUDA_optimazation/microbench/mma_config/02_latency_throughput/build/static_calibration/calibration_fp16_n256_q4_batch_ring_in0_same_discard_h0_none_ops0/bench --dtype fp16 --n 256 --q 4 --iterations 120 --mode batch --d-mode ring --input-d 0 --addr-mode same --collector discard --wait-hint 0 --active-blocks 1 --interference none --interference-ops 0
status=ok
gpu=NVIDIA Thor
compute_capability=11.0
sm_count=20
launch_blocks=1
dtype=fp16
n=256
q=4
iterations=120
mode=batch
d_mode=ring
addr_mode=same
collector=discard
input_d=0
wait_hint=0
interference=none
interference_ops=0
elapsed_cycles=101742
event_ms=0.162592
poll_count=240
max_abs_error=0.000000000
guard_ok=0
interference_sink=0.000000000

$ /xplorer/shijy/CUDA_optimazation/microbench/mma_config/02_latency_throughput/build/static_calibration/calibration_fp16_n256_q4_batch_ring_in0_same_discard_h10000000_none_ops0/bench --dtype fp16 --n 256 --q 4 --iterations 120 --mode batch --d-mode ring --input-d 0 --addr-mode same --collector discard --wait-hint 10000000 --active-blocks 0 --interference none --interference-ops 0
status=ok
gpu=NVIDIA Thor
compute_capability=11.0
sm_count=20
launch_blocks=20
dtype=fp16
n=256
q=4
iterations=120
mode=batch
d_mode=ring
addr_mode=same
collector=discard
input_d=0
wait_hint=10000000
interference=none
interference_ops=0
elapsed_cycles=107171
event_ms=0.202432
poll_count=2400
max_abs_error=0.000000000
guard_ok=0
interference_sink=0.000000000

$ /xplorer/shijy/CUDA_optimazation/microbench/mma_config/02_latency_throughput/build/static_calibration/calibration_fp16_n256_q4_batch_ring_in0_same_discard_h10000000_none_ops0/bench --dtype fp16 --n 256 --q 4 --iterations 120 --mode batch --d-mode ring --input-d 0 --addr-mode same --collector discard --wait-hint 10000000 --active-blocks 0 --interference none --interference-ops 0
status=ok
gpu=NVIDIA Thor
compute_capability=11.0
sm_count=20
launch_blocks=20
dtype=fp16
n=256
q=4
iterations=120
mode=batch
d_mode=ring
addr_mode=same
collector=discard
input_d=0
wait_hint=10000000
interference=none
interference_ops=0
elapsed_cycles=107168
event_ms=0.199392
poll_count=2400
max_abs_error=0.000000000
guard_ok=0
interference_sink=0.000000000

$ /xplorer/shijy/CUDA_optimazation/microbench/mma_config/02_latency_throughput/build/static_calibration/calibration_bf16_n256_q4_batch_ring_in0_same_discard_h32_none_ops0/bench --dtype bf16 --n 256 --q 4 --iterations 120 --mode batch --d-mode ring --input-d 0 --addr-mode same --collector discard --wait-hint 32 --active-blocks 0 --interference none --interference-ops 0
status=ok
gpu=NVIDIA Thor
compute_capability=11.0
sm_count=20
launch_blocks=20
dtype=bf16
n=256
q=4
iterations=120
mode=batch
d_mode=ring
addr_mode=same
collector=discard
input_d=0
wait_hint=32
interference=none
interference_ops=0
elapsed_cycles=103338
event_ms=0.197984
poll_count=4808
max_abs_error=0.000000000
guard_ok=0
interference_sink=0.000000000

$ /xplorer/shijy/CUDA_optimazation/microbench/mma_config/02_latency_throughput/build/static_calibration/calibration_bf16_n256_q4_batch_ring_in0_same_discard_h32_none_ops0/bench --dtype bf16 --n 256 --q 4 --iterations 120 --mode batch --d-mode ring --input-d 0 --addr-mode same --collector discard --wait-hint 32 --active-blocks 0 --interference none --interference-ops 0
status=ok
gpu=NVIDIA Thor
compute_capability=11.0
sm_count=20
launch_blocks=20
dtype=bf16
n=256
q=4
iterations=120
mode=batch
d_mode=ring
addr_mode=same
collector=discard
input_d=0
wait_hint=32
interference=none
interference_ops=0
elapsed_cycles=103681
event_ms=0.196352
poll_count=4810
max_abs_error=0.000000000
guard_ok=0
interference_sink=0.000000000

$ /xplorer/shijy/CUDA_optimazation/microbench/mma_config/02_latency_throughput/build/static_calibration/calibration_fp16_n256_q16_batch_ring_in0_same_discard_h32_none_ops0/bench --dtype fp16 --n 256 --q 16 --iterations 120 --mode batch --d-mode ring --input-d 0 --addr-mode same --collector discard --wait-hint 32 --active-blocks 0 --interference none --interference-ops 0
status=ok
gpu=NVIDIA Thor
compute_capability=11.0
sm_count=20
launch_blocks=20
dtype=fp16
n=256
q=16
iterations=120
mode=batch
d_mode=ring
addr_mode=same
collector=discard
input_d=0
wait_hint=32
interference=none
interference_ops=0
elapsed_cycles=297037
event_ms=0.321504
poll_count=7179
max_abs_error=0.000000000
guard_ok=0
interference_sink=0.000000000

$ /xplorer/shijy/CUDA_optimazation/microbench/mma_config/02_latency_throughput/build/static_calibration/calibration_fp16_n256_q16_batch_ring_in0_same_discard_h32_none_ops0/bench --dtype fp16 --n 256 --q 16 --iterations 120 --mode batch --d-mode ring --input-d 0 --addr-mode same --collector discard --wait-hint 32 --active-blocks 0 --interference none --interference-ops 0
status=ok
gpu=NVIDIA Thor
compute_capability=11.0
sm_count=20
launch_blocks=20
dtype=fp16
n=256
q=16
iterations=120
mode=batch
d_mode=ring
addr_mode=same
collector=discard
input_d=0
wait_hint=32
interference=none
interference_ops=0
elapsed_cycles=296969
event_ms=0.319168
poll_count=7173
max_abs_error=0.000000000
guard_ok=0
interference_sink=0.000000000

$ /xplorer/shijy/CUDA_optimazation/microbench/mma_config/02_latency_throughput/build/static_calibration/calibration_fp16_n128_q16_batch_ring_in0_same_discard_h0_none_ops0/bench --dtype fp16 --n 128 --q 16 --iterations 120 --mode batch --d-mode ring --input-d 0 --addr-mode same --collector discard --wait-hint 0 --active-blocks 1 --interference none --interference-ops 0
status=ok
gpu=NVIDIA Thor
compute_capability=11.0
sm_count=20
launch_blocks=1
dtype=fp16
n=128
q=16
iterations=120
mode=batch
d_mode=ring
addr_mode=same
collector=discard
input_d=0
wait_hint=0
interference=none
interference_ops=0
elapsed_cycles=166547
event_ms=0.202912
poll_count=234
max_abs_error=0.000000000
guard_ok=0
interference_sink=0.000000000

$ /xplorer/shijy/CUDA_optimazation/microbench/mma_config/02_latency_throughput/build/static_calibration/calibration_fp16_n128_q16_batch_ring_in0_same_discard_h0_none_ops0/bench --dtype fp16 --n 128 --q 16 --iterations 120 --mode batch --d-mode ring --input-d 0 --addr-mode same --collector discard --wait-hint 0 --active-blocks 1 --interference none --interference-ops 0
status=ok
gpu=NVIDIA Thor
compute_capability=11.0
sm_count=20
launch_blocks=1
dtype=fp16
n=128
q=16
iterations=120
mode=batch
d_mode=ring
addr_mode=same
collector=discard
input_d=0
wait_hint=0
interference=none
interference_ops=0
elapsed_cycles=165287
event_ms=0.201344
poll_count=234
max_abs_error=0.000000000
guard_ok=0
interference_sink=0.000000000

$ /xplorer/shijy/CUDA_optimazation/microbench/mma_config/02_latency_throughput/build/static_calibration/calibration_fp16_n128_q4_batch_ring_in0_same_discard_h10000000_none_ops0/bench --dtype fp16 --n 128 --q 4 --iterations 120 --mode batch --d-mode ring --input-d 0 --addr-mode same --collector discard --wait-hint 10000000 --active-blocks 0 --interference none --interference-ops 0
status=ok
gpu=NVIDIA Thor
compute_capability=11.0
sm_count=20
launch_blocks=20
dtype=fp16
n=128
q=4
iterations=120
mode=batch
d_mode=ring
addr_mode=same
collector=discard
input_d=0
wait_hint=10000000
interference=none
interference_ops=0
elapsed_cycles=76789
event_ms=0.180928
poll_count=2400
max_abs_error=0.000000000
guard_ok=0
interference_sink=0.000000000

$ /xplorer/shijy/CUDA_optimazation/microbench/mma_config/02_latency_throughput/build/static_calibration/calibration_fp16_n128_q4_batch_ring_in0_same_discard_h10000000_none_ops0/bench --dtype fp16 --n 128 --q 4 --iterations 120 --mode batch --d-mode ring --input-d 0 --addr-mode same --collector discard --wait-hint 10000000 --active-blocks 0 --interference none --interference-ops 0
status=ok
gpu=NVIDIA Thor
compute_capability=11.0
sm_count=20
launch_blocks=20
dtype=fp16
n=128
q=4
iterations=120
mode=batch
d_mode=ring
addr_mode=same
collector=discard
input_d=0
wait_hint=10000000
interference=none
interference_ops=0
elapsed_cycles=76789
event_ms=0.178432
poll_count=2400
max_abs_error=0.000000000
guard_ok=0
interference_sink=0.000000000

$ /xplorer/shijy/CUDA_optimazation/microbench/mma_config/02_latency_throughput/build/static_calibration/calibration_bf16_n128_q4_batch_ring_in0_same_discard_h0_none_ops0/bench --dtype bf16 --n 128 --q 4 --iterations 120 --mode batch --d-mode ring --input-d 0 --addr-mode same --collector discard --wait-hint 0 --active-blocks 0 --interference none --interference-ops 0
status=ok
gpu=NVIDIA Thor
compute_capability=11.0
sm_count=20
launch_blocks=20
dtype=bf16
n=128
q=4
iterations=120
mode=batch
d_mode=ring
addr_mode=same
collector=discard
input_d=0
wait_hint=0
interference=none
interference_ops=0
elapsed_cycles=69979
event_ms=0.178496
poll_count=2400
max_abs_error=0.000000000
guard_ok=0
interference_sink=0.000000000

$ /xplorer/shijy/CUDA_optimazation/microbench/mma_config/02_latency_throughput/build/static_calibration/calibration_bf16_n128_q4_batch_ring_in0_same_discard_h0_none_ops0/bench --dtype bf16 --n 128 --q 4 --iterations 120 --mode batch --d-mode ring --input-d 0 --addr-mode same --collector discard --wait-hint 0 --active-blocks 0 --interference none --interference-ops 0
status=ok
gpu=NVIDIA Thor
compute_capability=11.0
sm_count=20
launch_blocks=20
dtype=bf16
n=128
q=4
iterations=120
mode=batch
d_mode=ring
addr_mode=same
collector=discard
input_d=0
wait_hint=0
interference=none
interference_ops=0
elapsed_cycles=69979
event_ms=0.174560
poll_count=2400
max_abs_error=0.000000000
guard_ok=0
interference_sink=0.000000000

$ /xplorer/shijy/CUDA_optimazation/microbench/mma_config/02_latency_throughput/build/static_calibration/calibration_bf16_n256_q16_batch_ring_in0_same_discard_h10000000_none_ops0/bench --dtype bf16 --n 256 --q 16 --iterations 120 --mode batch --d-mode ring --input-d 0 --addr-mode same --collector discard --wait-hint 10000000 --active-blocks 0 --interference none --interference-ops 0
status=ok
gpu=NVIDIA Thor
compute_capability=11.0
sm_count=20
launch_blocks=20
dtype=bf16
n=256
q=16
iterations=120
mode=batch
d_mode=ring
addr_mode=same
collector=discard
input_d=0
wait_hint=10000000
interference=none
interference_ops=0
elapsed_cycles=291369
event_ms=0.317600
poll_count=2400
max_abs_error=0.000000000
guard_ok=0
interference_sink=0.000000000

$ /xplorer/shijy/CUDA_optimazation/microbench/mma_config/02_latency_throughput/build/static_calibration/calibration_bf16_n256_q16_batch_ring_in0_same_discard_h10000000_none_ops0/bench --dtype bf16 --n 256 --q 16 --iterations 120 --mode batch --d-mode ring --input-d 0 --addr-mode same --collector discard --wait-hint 10000000 --active-blocks 0 --interference none --interference-ops 0
status=ok
gpu=NVIDIA Thor
compute_capability=11.0
sm_count=20
launch_blocks=20
dtype=bf16
n=256
q=16
iterations=120
mode=batch
d_mode=ring
addr_mode=same
collector=discard
input_d=0
wait_hint=10000000
interference=none
interference_ops=0
elapsed_cycles=291371
event_ms=0.317472
poll_count=2400
max_abs_error=0.000000000
guard_ok=0
interference_sink=0.000000000

$ /xplorer/shijy/CUDA_optimazation/microbench/mma_config/02_latency_throughput/build/static_calibration/calibration_bf16_n256_q16_batch_ring_in0_same_discard_h0_none_ops0/bench --dtype bf16 --n 256 --q 16 --iterations 120 --mode batch --d-mode ring --input-d 0 --addr-mode same --collector discard --wait-hint 0 --active-blocks 0 --interference none --interference-ops 0
status=ok
gpu=NVIDIA Thor
compute_capability=11.0
sm_count=20
launch_blocks=20
dtype=bf16
n=256
q=16
iterations=120
mode=batch
d_mode=ring
addr_mode=same
collector=discard
input_d=0
wait_hint=0
interference=none
interference_ops=0
elapsed_cycles=297135
event_ms=0.319840
poll_count=7198
max_abs_error=0.000000000
guard_ok=0
interference_sink=0.000000000

$ /xplorer/shijy/CUDA_optimazation/microbench/mma_config/02_latency_throughput/build/static_calibration/calibration_bf16_n256_q16_batch_ring_in0_same_discard_h0_none_ops0/bench --dtype bf16 --n 256 --q 16 --iterations 120 --mode batch --d-mode ring --input-d 0 --addr-mode same --collector discard --wait-hint 0 --active-blocks 0 --interference none --interference-ops 0
status=ok
gpu=NVIDIA Thor
compute_capability=11.0
sm_count=20
launch_blocks=20
dtype=bf16
n=256
q=16
iterations=120
mode=batch
d_mode=ring
addr_mode=same
collector=discard
input_d=0
wait_hint=0
interference=none
interference_ops=0
elapsed_cycles=297032
event_ms=0.320320
poll_count=7200
max_abs_error=0.000000000
guard_ok=0
interference_sink=0.000000000

$ /xplorer/shijy/CUDA_optimazation/microbench/mma_config/02_latency_throughput/build/static_calibration/calibration_fp16_n128_q16_batch_ring_in0_same_discard_h32_none_ops0/bench --dtype fp16 --n 128 --q 16 --iterations 120 --mode batch --d-mode ring --input-d 0 --addr-mode same --collector discard --wait-hint 32 --active-blocks 1 --interference none --interference-ops 0
status=ok
gpu=NVIDIA Thor
compute_capability=11.0
sm_count=20
launch_blocks=1
dtype=fp16
n=128
q=16
iterations=120
mode=batch
d_mode=ring
addr_mode=same
collector=discard
input_d=0
wait_hint=32
interference=none
interference_ops=0
elapsed_cycles=163499
event_ms=0.201120
poll_count=233
max_abs_error=0.000000000
guard_ok=0
interference_sink=0.000000000

$ /xplorer/shijy/CUDA_optimazation/microbench/mma_config/02_latency_throughput/build/static_calibration/calibration_fp16_n128_q16_batch_ring_in0_same_discard_h32_none_ops0/bench --dtype fp16 --n 128 --q 16 --iterations 120 --mode batch --d-mode ring --input-d 0 --addr-mode same --collector discard --wait-hint 32 --active-blocks 1 --interference none --interference-ops 0
status=ok
gpu=NVIDIA Thor
compute_capability=11.0
sm_count=20
launch_blocks=1
dtype=fp16
n=128
q=16
iterations=120
mode=batch
d_mode=ring
addr_mode=same
collector=discard
input_d=0
wait_hint=32
interference=none
interference_ops=0
elapsed_cycles=164283
event_ms=0.202400
poll_count=228
max_abs_error=0.000000000
guard_ok=0
interference_sink=0.000000000

$ /xplorer/shijy/CUDA_optimazation/microbench/mma_config/02_latency_throughput/build/static_calibration/calibration_bf16_n128_q4_batch_ring_in0_same_discard_h10000000_none_ops0/bench --dtype bf16 --n 128 --q 4 --iterations 120 --mode batch --d-mode ring --input-d 0 --addr-mode same --collector discard --wait-hint 10000000 --active-blocks 1 --interference none --interference-ops 0
status=ok
gpu=NVIDIA Thor
compute_capability=11.0
sm_count=20
launch_blocks=1
dtype=bf16
n=128
q=4
iterations=120
mode=batch
d_mode=ring
addr_mode=same
collector=discard
input_d=0
wait_hint=10000000
interference=none
interference_ops=0
elapsed_cycles=76782
event_ms=0.146976
poll_count=120
max_abs_error=0.000000000
guard_ok=0
interference_sink=0.000000000

$ /xplorer/shijy/CUDA_optimazation/microbench/mma_config/02_latency_throughput/build/static_calibration/calibration_bf16_n128_q4_batch_ring_in0_same_discard_h10000000_none_ops0/bench --dtype bf16 --n 128 --q 4 --iterations 120 --mode batch --d-mode ring --input-d 0 --addr-mode same --collector discard --wait-hint 10000000 --active-blocks 1 --interference none --interference-ops 0
status=ok
gpu=NVIDIA Thor
compute_capability=11.0
sm_count=20
launch_blocks=1
dtype=bf16
n=128
q=4
iterations=120
mode=batch
d_mode=ring
addr_mode=same
collector=discard
input_d=0
wait_hint=10000000
interference=none
interference_ops=0
elapsed_cycles=76782
event_ms=0.138560
poll_count=120
max_abs_error=0.000000000
guard_ok=0
interference_sink=0.000000000

$ /xplorer/shijy/CUDA_optimazation/microbench/mma_config/02_latency_throughput/build/static_calibration/calibration_fp16_n256_q16_batch_ring_in0_same_discard_h0_none_ops0/bench --dtype fp16 --n 256 --q 16 --iterations 120 --mode batch --d-mode ring --input-d 0 --addr-mode same --collector discard --wait-hint 0 --active-blocks 1 --interference none --interference-ops 0
status=ok
gpu=NVIDIA Thor
compute_capability=11.0
sm_count=20
launch_blocks=1
dtype=fp16
n=256
q=16
iterations=120
mode=batch
d_mode=ring
addr_mode=same
collector=discard
input_d=0
wait_hint=0
interference=none
interference_ops=0
elapsed_cycles=297324
event_ms=0.285600
poll_count=360
max_abs_error=0.000000000
guard_ok=0
interference_sink=0.000000000

$ /xplorer/shijy/CUDA_optimazation/microbench/mma_config/02_latency_throughput/build/static_calibration/calibration_fp16_n256_q16_batch_ring_in0_same_discard_h0_none_ops0/bench --dtype fp16 --n 256 --q 16 --iterations 120 --mode batch --d-mode ring --input-d 0 --addr-mode same --collector discard --wait-hint 0 --active-blocks 1 --interference none --interference-ops 0
status=ok
gpu=NVIDIA Thor
compute_capability=11.0
sm_count=20
launch_blocks=1
dtype=fp16
n=256
q=16
iterations=120
mode=batch
d_mode=ring
addr_mode=same
collector=discard
input_d=0
wait_hint=0
interference=none
interference_ops=0
elapsed_cycles=297326
event_ms=0.286784
poll_count=360
max_abs_error=0.000000000
guard_ok=0
interference_sink=0.000000000

$ /xplorer/shijy/CUDA_optimazation/microbench/mma_config/02_latency_throughput/build/static_calibration/calibration_bf16_n128_q4_batch_ring_in0_same_discard_h32_none_ops0/bench --dtype bf16 --n 128 --q 4 --iterations 120 --mode batch --d-mode ring --input-d 0 --addr-mode same --collector discard --wait-hint 32 --active-blocks 1 --interference none --interference-ops 0
status=ok
gpu=NVIDIA Thor
compute_capability=11.0
sm_count=20
launch_blocks=1
dtype=bf16
n=128
q=4
iterations=120
mode=batch
d_mode=ring
addr_mode=same
collector=discard
input_d=0
wait_hint=32
interference=none
interference_ops=0
elapsed_cycles=75774
event_ms=0.144800
poll_count=120
max_abs_error=0.000000000
guard_ok=0
interference_sink=0.000000000

$ /xplorer/shijy/CUDA_optimazation/microbench/mma_config/02_latency_throughput/build/static_calibration/calibration_bf16_n128_q4_batch_ring_in0_same_discard_h32_none_ops0/bench --dtype bf16 --n 128 --q 4 --iterations 120 --mode batch --d-mode ring --input-d 0 --addr-mode same --collector discard --wait-hint 32 --active-blocks 1 --interference none --interference-ops 0
status=ok
gpu=NVIDIA Thor
compute_capability=11.0
sm_count=20
launch_blocks=1
dtype=bf16
n=128
q=4
iterations=120
mode=batch
d_mode=ring
addr_mode=same
collector=discard
input_d=0
wait_hint=32
interference=none
interference_ops=0
elapsed_cycles=75613
event_ms=0.145088
poll_count=120
max_abs_error=0.000000000
guard_ok=0
interference_sink=0.000000000

$ /xplorer/shijy/CUDA_optimazation/microbench/mma_config/02_latency_throughput/build/static_calibration/calibration_fp16_n256_q16_batch_ring_in0_same_discard_h32_none_ops0/bench --dtype fp16 --n 256 --q 16 --iterations 120 --mode batch --d-mode ring --input-d 0 --addr-mode same --collector discard --wait-hint 32 --active-blocks 1 --interference none --interference-ops 0
status=ok
gpu=NVIDIA Thor
compute_capability=11.0
sm_count=20
launch_blocks=1
dtype=fp16
n=256
q=16
iterations=120
mode=batch
d_mode=ring
addr_mode=same
collector=discard
input_d=0
wait_hint=32
interference=none
interference_ops=0
elapsed_cycles=296932
event_ms=0.285568
poll_count=360
max_abs_error=0.000000000
guard_ok=0
interference_sink=0.000000000

$ /xplorer/shijy/CUDA_optimazation/microbench/mma_config/02_latency_throughput/build/static_calibration/calibration_fp16_n256_q16_batch_ring_in0_same_discard_h32_none_ops0/bench --dtype fp16 --n 256 --q 16 --iterations 120 --mode batch --d-mode ring --input-d 0 --addr-mode same --collector discard --wait-hint 32 --active-blocks 1 --interference none --interference-ops 0
status=ok
gpu=NVIDIA Thor
compute_capability=11.0
sm_count=20
launch_blocks=1
dtype=fp16
n=256
q=16
iterations=120
mode=batch
d_mode=ring
addr_mode=same
collector=discard
input_d=0
wait_hint=32
interference=none
interference_ops=0
elapsed_cycles=296903
event_ms=0.285088
poll_count=358
max_abs_error=0.000000000
guard_ok=0
interference_sink=0.000000000

$ /xplorer/shijy/CUDA_optimazation/microbench/mma_config/02_latency_throughput/build/static_calibration/calibration_fp16_n128_q4_batch_ring_in0_same_discard_h0_none_ops0/bench --dtype fp16 --n 128 --q 4 --iterations 120 --mode batch --d-mode ring --input-d 0 --addr-mode same --collector discard --wait-hint 0 --active-blocks 1 --interference none --interference-ops 0
status=ok
gpu=NVIDIA Thor
compute_capability=11.0
sm_count=20
launch_blocks=1
dtype=fp16
n=128
q=4
iterations=120
mode=batch
d_mode=ring
addr_mode=same
collector=discard
input_d=0
wait_hint=0
interference=none
interference_ops=0
elapsed_cycles=69965
event_ms=0.142592
poll_count=120
max_abs_error=0.000000000
guard_ok=0
interference_sink=0.000000000

$ /xplorer/shijy/CUDA_optimazation/microbench/mma_config/02_latency_throughput/build/static_calibration/calibration_fp16_n128_q4_batch_ring_in0_same_discard_h0_none_ops0/bench --dtype fp16 --n 128 --q 4 --iterations 120 --mode batch --d-mode ring --input-d 0 --addr-mode same --collector discard --wait-hint 0 --active-blocks 1 --interference none --interference-ops 0
status=ok
gpu=NVIDIA Thor
compute_capability=11.0
sm_count=20
launch_blocks=1
dtype=fp16
n=128
q=4
iterations=120
mode=batch
d_mode=ring
addr_mode=same
collector=discard
input_d=0
wait_hint=0
interference=none
interference_ops=0
elapsed_cycles=69965
event_ms=0.142528
poll_count=120
max_abs_error=0.000000000
guard_ok=0
interference_sink=0.000000000

$ /xplorer/shijy/CUDA_optimazation/microbench/mma_config/02_latency_throughput/build/static_calibration/calibration_fp16_n128_q4_batch_ring_in0_same_discard_h10000000_none_ops0/bench --dtype fp16 --n 128 --q 4 --iterations 120 --mode batch --d-mode ring --input-d 0 --addr-mode same --collector discard --wait-hint 10000000 --active-blocks 1 --interference none --interference-ops 0
status=ok
gpu=NVIDIA Thor
compute_capability=11.0
sm_count=20
launch_blocks=1
dtype=fp16
n=128
q=4
iterations=120
mode=batch
d_mode=ring
addr_mode=same
collector=discard
input_d=0
wait_hint=10000000
interference=none
interference_ops=0
elapsed_cycles=76782
event_ms=0.144928
poll_count=120
max_abs_error=0.000000000
guard_ok=0
interference_sink=0.000000000

$ /xplorer/shijy/CUDA_optimazation/microbench/mma_config/02_latency_throughput/build/static_calibration/calibration_fp16_n128_q4_batch_ring_in0_same_discard_h10000000_none_ops0/bench --dtype fp16 --n 128 --q 4 --iterations 120 --mode batch --d-mode ring --input-d 0 --addr-mode same --collector discard --wait-hint 10000000 --active-blocks 1 --interference none --interference-ops 0
status=ok
gpu=NVIDIA Thor
compute_capability=11.0
sm_count=20
launch_blocks=1
dtype=fp16
n=128
q=4
iterations=120
mode=batch
d_mode=ring
addr_mode=same
collector=discard
input_d=0
wait_hint=10000000
interference=none
interference_ops=0
elapsed_cycles=76782
event_ms=0.146336
poll_count=120
max_abs_error=0.000000000
guard_ok=0
interference_sink=0.000000000

$ /xplorer/shijy/CUDA_optimazation/microbench/mma_config/02_latency_throughput/build/static_calibration/calibration_bf16_n256_q16_batch_ring_in0_same_discard_h32_none_ops0/bench --dtype bf16 --n 256 --q 16 --iterations 120 --mode batch --d-mode ring --input-d 0 --addr-mode same --collector discard --wait-hint 32 --active-blocks 1 --interference none --interference-ops 0
status=ok
gpu=NVIDIA Thor
compute_capability=11.0
sm_count=20
launch_blocks=1
dtype=bf16
n=256
q=16
iterations=120
mode=batch
d_mode=ring
addr_mode=same
collector=discard
input_d=0
wait_hint=32
interference=none
interference_ops=0
elapsed_cycles=295937
event_ms=0.286016
poll_count=358
max_abs_error=0.000000000
guard_ok=0
interference_sink=0.000000000

$ /xplorer/shijy/CUDA_optimazation/microbench/mma_config/02_latency_throughput/build/static_calibration/calibration_bf16_n256_q16_batch_ring_in0_same_discard_h32_none_ops0/bench --dtype bf16 --n 256 --q 16 --iterations 120 --mode batch --d-mode ring --input-d 0 --addr-mode same --collector discard --wait-hint 32 --active-blocks 1 --interference none --interference-ops 0
status=ok
gpu=NVIDIA Thor
compute_capability=11.0
sm_count=20
launch_blocks=1
dtype=bf16
n=256
q=16
iterations=120
mode=batch
d_mode=ring
addr_mode=same
collector=discard
input_d=0
wait_hint=32
interference=none
interference_ops=0
elapsed_cycles=296477
event_ms=0.286272
poll_count=358
max_abs_error=0.000000000
guard_ok=0
interference_sink=0.000000000

$ /xplorer/shijy/CUDA_optimazation/microbench/mma_config/02_latency_throughput/build/static_calibration/calibration_fp16_n128_q16_batch_ring_in0_same_discard_h0_none_ops0/bench --dtype fp16 --n 128 --q 16 --iterations 120 --mode batch --d-mode ring --input-d 0 --addr-mode same --collector discard --wait-hint 0 --active-blocks 0 --interference none --interference-ops 0
status=ok
gpu=NVIDIA Thor
compute_capability=11.0
sm_count=20
launch_blocks=20
dtype=fp16
n=128
q=16
iterations=120
mode=batch
d_mode=ring
addr_mode=same
collector=discard
input_d=0
wait_hint=0
interference=none
interference_ops=0
elapsed_cycles=166291
event_ms=0.236000
poll_count=4666
max_abs_error=0.000000000
guard_ok=0
interference_sink=0.000000000

$ /xplorer/shijy/CUDA_optimazation/microbench/mma_config/02_latency_throughput/build/static_calibration/calibration_fp16_n128_q16_batch_ring_in0_same_discard_h0_none_ops0/bench --dtype fp16 --n 128 --q 16 --iterations 120 --mode batch --d-mode ring --input-d 0 --addr-mode same --collector discard --wait-hint 0 --active-blocks 0 --interference none --interference-ops 0
status=ok
gpu=NVIDIA Thor
compute_capability=11.0
sm_count=20
launch_blocks=20
dtype=fp16
n=128
q=16
iterations=120
mode=batch
d_mode=ring
addr_mode=same
collector=discard
input_d=0
wait_hint=0
interference=none
interference_ops=0
elapsed_cycles=166725
event_ms=0.236576
poll_count=4659
max_abs_error=0.000000000
guard_ok=0
interference_sink=0.000000000

$ /xplorer/shijy/CUDA_optimazation/microbench/mma_config/02_latency_throughput/build/static_calibration/calibration_bf16_n256_q4_batch_ring_in0_same_discard_h10000000_none_ops0/bench --dtype bf16 --n 256 --q 4 --iterations 120 --mode batch --d-mode ring --input-d 0 --addr-mode same --collector discard --wait-hint 10000000 --active-blocks 0 --interference none --interference-ops 0
status=ok
gpu=NVIDIA Thor
compute_capability=11.0
sm_count=20
launch_blocks=20
dtype=bf16
n=256
q=4
iterations=120
mode=batch
d_mode=ring
addr_mode=same
collector=discard
input_d=0
wait_hint=10000000
interference=none
interference_ops=0
elapsed_cycles=107167
event_ms=0.198464
poll_count=2400
max_abs_error=0.000000000
guard_ok=0
interference_sink=0.000000000

$ /xplorer/shijy/CUDA_optimazation/microbench/mma_config/02_latency_throughput/build/static_calibration/calibration_bf16_n256_q4_batch_ring_in0_same_discard_h10000000_none_ops0/bench --dtype bf16 --n 256 --q 4 --iterations 120 --mode batch --d-mode ring --input-d 0 --addr-mode same --collector discard --wait-hint 10000000 --active-blocks 0 --interference none --interference-ops 0
status=ok
gpu=NVIDIA Thor
compute_capability=11.0
sm_count=20
launch_blocks=20
dtype=bf16
n=256
q=4
iterations=120
mode=batch
d_mode=ring
addr_mode=same
collector=discard
input_d=0
wait_hint=10000000
interference=none
interference_ops=0
elapsed_cycles=107167
event_ms=0.198528
poll_count=2400
max_abs_error=0.000000000
guard_ok=0
interference_sink=0.000000000

$ /xplorer/shijy/CUDA_optimazation/microbench/mma_config/02_latency_throughput/build/static_calibration/calibration_bf16_n256_q4_batch_ring_in0_same_discard_h0_none_ops0/bench --dtype bf16 --n 256 --q 4 --iterations 120 --mode batch --d-mode ring --input-d 0 --addr-mode same --collector discard --wait-hint 0 --active-blocks 0 --interference none --interference-ops 0
status=ok
gpu=NVIDIA Thor
compute_capability=11.0
sm_count=20
launch_blocks=20
dtype=bf16
n=256
q=4
iterations=120
mode=batch
d_mode=ring
addr_mode=same
collector=discard
input_d=0
wait_hint=0
interference=none
interference_ops=0
elapsed_cycles=102150
event_ms=0.194720
poll_count=4788
max_abs_error=0.000000000
guard_ok=0
interference_sink=0.000000000

$ /xplorer/shijy/CUDA_optimazation/microbench/mma_config/02_latency_throughput/build/static_calibration/calibration_bf16_n256_q4_batch_ring_in0_same_discard_h0_none_ops0/bench --dtype bf16 --n 256 --q 4 --iterations 120 --mode batch --d-mode ring --input-d 0 --addr-mode same --collector discard --wait-hint 0 --active-blocks 0 --interference none --interference-ops 0
status=ok
gpu=NVIDIA Thor
compute_capability=11.0
sm_count=20
launch_blocks=20
dtype=bf16
n=256
q=4
iterations=120
mode=batch
d_mode=ring
addr_mode=same
collector=discard
input_d=0
wait_hint=0
interference=none
interference_ops=0
elapsed_cycles=102112
event_ms=0.197088
poll_count=4787
max_abs_error=0.000000000
guard_ok=0
interference_sink=0.000000000

$ /xplorer/shijy/CUDA_optimazation/microbench/mma_config/02_latency_throughput/build/static_calibration/calibration_bf16_n128_q16_batch_ring_in0_same_discard_h0_none_ops0/bench --dtype bf16 --n 128 --q 16 --iterations 120 --mode batch --d-mode ring --input-d 0 --addr-mode same --collector discard --wait-hint 0 --active-blocks 1 --interference none --interference-ops 0
status=ok
gpu=NVIDIA Thor
compute_capability=11.0
sm_count=20
launch_blocks=1
dtype=bf16
n=128
q=16
iterations=120
mode=batch
d_mode=ring
addr_mode=same
collector=discard
input_d=0
wait_hint=0
interference=none
interference_ops=0
elapsed_cycles=166061
event_ms=0.201856
poll_count=232
max_abs_error=0.000000000
guard_ok=0
interference_sink=0.000000000

$ /xplorer/shijy/CUDA_optimazation/microbench/mma_config/02_latency_throughput/build/static_calibration/calibration_bf16_n128_q16_batch_ring_in0_same_discard_h0_none_ops0/bench --dtype bf16 --n 128 --q 16 --iterations 120 --mode batch --d-mode ring --input-d 0 --addr-mode same --collector discard --wait-hint 0 --active-blocks 1 --interference none --interference-ops 0
status=ok
gpu=NVIDIA Thor
compute_capability=11.0
sm_count=20
launch_blocks=1
dtype=bf16
n=128
q=16
iterations=120
mode=batch
d_mode=ring
addr_mode=same
collector=discard
input_d=0
wait_hint=0
interference=none
interference_ops=0
elapsed_cycles=166045
event_ms=0.202336
poll_count=234
max_abs_error=0.000000000
guard_ok=0
interference_sink=0.000000000

$ /xplorer/shijy/CUDA_optimazation/microbench/mma_config/02_latency_throughput/build/static_calibration/calibration_bf16_n256_q4_batch_ring_in0_same_discard_h0_none_ops0/bench --dtype bf16 --n 256 --q 4 --iterations 120 --mode batch --d-mode ring --input-d 0 --addr-mode same --collector discard --wait-hint 0 --active-blocks 1 --interference none --interference-ops 0
status=ok
gpu=NVIDIA Thor
compute_capability=11.0
sm_count=20
launch_blocks=1
dtype=bf16
n=256
q=4
iterations=120
mode=batch
d_mode=ring
addr_mode=same
collector=discard
input_d=0
wait_hint=0
interference=none
interference_ops=0
elapsed_cycles=101922
event_ms=0.163200
poll_count=239
max_abs_error=0.000000000
guard_ok=0
interference_sink=0.000000000

$ /xplorer/shijy/CUDA_optimazation/microbench/mma_config/02_latency_throughput/build/static_calibration/calibration_bf16_n256_q4_batch_ring_in0_same_discard_h0_none_ops0/bench --dtype bf16 --n 256 --q 4 --iterations 120 --mode batch --d-mode ring --input-d 0 --addr-mode same --collector discard --wait-hint 0 --active-blocks 1 --interference none --interference-ops 0
status=ok
gpu=NVIDIA Thor
compute_capability=11.0
sm_count=20
launch_blocks=1
dtype=bf16
n=256
q=4
iterations=120
mode=batch
d_mode=ring
addr_mode=same
collector=discard
input_d=0
wait_hint=0
interference=none
interference_ops=0
elapsed_cycles=101786
event_ms=0.161472
poll_count=240
max_abs_error=0.000000000
guard_ok=0
interference_sink=0.000000000

$ /xplorer/shijy/CUDA_optimazation/microbench/mma_config/02_latency_throughput/build/static_calibration/calibration_fp16_n128_q16_batch_ring_in0_same_discard_h10000000_none_ops0/bench --dtype fp16 --n 128 --q 16 --iterations 120 --mode batch --d-mode ring --input-d 0 --addr-mode same --collector discard --wait-hint 10000000 --active-blocks 1 --interference none --interference-ops 0
status=ok
gpu=NVIDIA Thor
compute_capability=11.0
sm_count=20
launch_blocks=1
dtype=fp16
n=128
q=16
iterations=120
mode=batch
d_mode=ring
addr_mode=same
collector=discard
input_d=0
wait_hint=10000000
interference=none
interference_ops=0
elapsed_cycles=168762
event_ms=0.204000
poll_count=120
max_abs_error=0.000000000
guard_ok=0
interference_sink=0.000000000

$ /xplorer/shijy/CUDA_optimazation/microbench/mma_config/02_latency_throughput/build/static_calibration/calibration_fp16_n128_q16_batch_ring_in0_same_discard_h10000000_none_ops0/bench --dtype fp16 --n 128 --q 16 --iterations 120 --mode batch --d-mode ring --input-d 0 --addr-mode same --collector discard --wait-hint 10000000 --active-blocks 1 --interference none --interference-ops 0
status=ok
gpu=NVIDIA Thor
compute_capability=11.0
sm_count=20
launch_blocks=1
dtype=fp16
n=128
q=16
iterations=120
mode=batch
d_mode=ring
addr_mode=same
collector=discard
input_d=0
wait_hint=10000000
interference=none
interference_ops=0
elapsed_cycles=168762
event_ms=0.205088
poll_count=120
max_abs_error=0.000000000
guard_ok=0
interference_sink=0.000000000

$ /xplorer/shijy/CUDA_optimazation/microbench/mma_config/02_latency_throughput/build/static_calibration/v2_collector_bf16_n128_q16_batch_ring_in1_pingpong_fill_use_discard_h0_b0_none_ops0/bench --dtype bf16 --n 128 --q 16 --iterations 120 --mode batch --d-mode ring --input-d 1 --addr-mode pingpong --collector fill_use_discard --wait-hint 0 --active-blocks 0 --interference none --interference-ops 0
status=ok
gpu=NVIDIA Thor
compute_capability=11.0
sm_count=20
launch_blocks=20
dtype=bf16
n=128
q=16
iterations=120
mode=batch
d_mode=ring
addr_mode=pingpong
collector=fill_use_discard
input_d=1
wait_hint=0
interference=none
interference_ops=0
elapsed_cycles=172416
event_ms=0.240864
poll_count=4780
max_abs_error=26.835937500
guard_ok=1
interference_sink=0.000000000

$ /xplorer/shijy/CUDA_optimazation/microbench/mma_config/02_latency_throughput/build/static_calibration/v2_collector_bf16_n128_q16_batch_ring_in1_pingpong_fill_use_discard_h0_b0_none_ops0/bench --dtype bf16 --n 128 --q 16 --iterations 120 --mode batch --d-mode ring --input-d 1 --addr-mode pingpong --collector fill_use_discard --wait-hint 0 --active-blocks 0 --interference none --interference-ops 0
status=ok
gpu=NVIDIA Thor
compute_capability=11.0
sm_count=20
launch_blocks=20
dtype=bf16
n=128
q=16
iterations=120
mode=batch
d_mode=ring
addr_mode=pingpong
collector=fill_use_discard
input_d=1
wait_hint=0
interference=none
interference_ops=0
elapsed_cycles=172336
event_ms=0.239872
poll_count=4780
max_abs_error=26.835937500
guard_ok=1
interference_sink=0.000000000

$ /xplorer/shijy/CUDA_optimazation/microbench/mma_config/02_latency_throughput/build/static_calibration/v2_collector_bf16_n128_q16_batch_ring_in1_pingpong_fill_use_discard_h0_b0_none_ops0/bench --dtype bf16 --n 128 --q 16 --iterations 120 --mode batch --d-mode ring --input-d 1 --addr-mode pingpong --collector fill_use_discard --wait-hint 0 --active-blocks 0 --interference none --interference-ops 0
status=ok
gpu=NVIDIA Thor
compute_capability=11.0
sm_count=20
launch_blocks=20
dtype=bf16
n=128
q=16
iterations=120
mode=batch
d_mode=ring
addr_mode=pingpong
collector=fill_use_discard
input_d=1
wait_hint=0
interference=none
interference_ops=0
elapsed_cycles=172366
event_ms=0.242144
poll_count=4780
max_abs_error=26.835937500
guard_ok=1
interference_sink=0.000000000

$ /xplorer/shijy/CUDA_optimazation/microbench/mma_config/02_latency_throughput/build/static_calibration/v2_collector_bf16_n256_q16_batch_ring_in1_pingpong_fill_use_discard_h0_b0_none_ops0/bench --dtype bf16 --n 256 --q 16 --iterations 120 --mode batch --d-mode ring --input-d 1 --addr-mode pingpong --collector fill_use_discard --wait-hint 0 --active-blocks 0 --interference none --interference-ops 0
status=ok
gpu=NVIDIA Thor
compute_capability=11.0
sm_count=20
launch_blocks=20
dtype=bf16
n=256
q=16
iterations=120
mode=batch
d_mode=ring
addr_mode=pingpong
collector=fill_use_discard
input_d=1
wait_hint=0
interference=none
interference_ops=0
elapsed_cycles=285370
event_ms=0.313984
poll_count=7193
max_abs_error=26.835937500
guard_ok=1
interference_sink=0.000000000

$ /xplorer/shijy/CUDA_optimazation/microbench/mma_config/02_latency_throughput/build/static_calibration/v2_collector_bf16_n256_q16_batch_ring_in1_pingpong_fill_use_discard_h0_b0_none_ops0/bench --dtype bf16 --n 256 --q 16 --iterations 120 --mode batch --d-mode ring --input-d 1 --addr-mode pingpong --collector fill_use_discard --wait-hint 0 --active-blocks 0 --interference none --interference-ops 0
status=ok
gpu=NVIDIA Thor
compute_capability=11.0
sm_count=20
launch_blocks=20
dtype=bf16
n=256
q=16
iterations=120
mode=batch
d_mode=ring
addr_mode=pingpong
collector=fill_use_discard
input_d=1
wait_hint=0
interference=none
interference_ops=0
elapsed_cycles=285420
event_ms=0.313664
poll_count=7200
max_abs_error=26.835937500
guard_ok=1
interference_sink=0.000000000

$ /xplorer/shijy/CUDA_optimazation/microbench/mma_config/02_latency_throughput/build/static_calibration/v2_collector_bf16_n256_q16_batch_ring_in1_pingpong_fill_use_discard_h0_b0_none_ops0/bench --dtype bf16 --n 256 --q 16 --iterations 120 --mode batch --d-mode ring --input-d 1 --addr-mode pingpong --collector fill_use_discard --wait-hint 0 --active-blocks 0 --interference none --interference-ops 0
status=ok
gpu=NVIDIA Thor
compute_capability=11.0
sm_count=20
launch_blocks=20
dtype=bf16
n=256
q=16
iterations=120
mode=batch
d_mode=ring
addr_mode=pingpong
collector=fill_use_discard
input_d=1
wait_hint=0
interference=none
interference_ops=0
elapsed_cycles=285502
event_ms=0.315616
poll_count=7200
max_abs_error=26.835937500
guard_ok=1
interference_sink=0.000000000

$ /xplorer/shijy/CUDA_optimazation/microbench/mma_config/02_latency_throughput/build/static_calibration/v2_collector_fp16_n128_q16_batch_ring_in1_pingpong_fill_use_discard_h0_b0_none_ops0/bench --dtype fp16 --n 128 --q 16 --iterations 120 --mode batch --d-mode ring --input-d 1 --addr-mode pingpong --collector fill_use_discard --wait-hint 0 --active-blocks 0 --interference none --interference-ops 0
status=ok
gpu=NVIDIA Thor
compute_capability=11.0
sm_count=20
launch_blocks=20
dtype=fp16
n=128
q=16
iterations=120
mode=batch
d_mode=ring
addr_mode=pingpong
collector=fill_use_discard
input_d=1
wait_hint=0
interference=none
interference_ops=0
elapsed_cycles=171984
event_ms=0.240672
poll_count=4780
max_abs_error=26.835937500
guard_ok=1
interference_sink=0.000000000

$ /xplorer/shijy/CUDA_optimazation/microbench/mma_config/02_latency_throughput/build/static_calibration/v2_collector_fp16_n128_q16_batch_ring_in1_pingpong_fill_use_discard_h0_b0_none_ops0/bench --dtype fp16 --n 128 --q 16 --iterations 120 --mode batch --d-mode ring --input-d 1 --addr-mode pingpong --collector fill_use_discard --wait-hint 0 --active-blocks 0 --interference none --interference-ops 0
status=ok
gpu=NVIDIA Thor
compute_capability=11.0
sm_count=20
launch_blocks=20
dtype=fp16
n=128
q=16
iterations=120
mode=batch
d_mode=ring
addr_mode=pingpong
collector=fill_use_discard
input_d=1
wait_hint=0
interference=none
interference_ops=0
elapsed_cycles=172359
event_ms=0.242336
poll_count=4780
max_abs_error=26.835937500
guard_ok=1
interference_sink=0.000000000

$ /xplorer/shijy/CUDA_optimazation/microbench/mma_config/02_latency_throughput/build/static_calibration/v2_collector_fp16_n128_q16_batch_ring_in1_pingpong_fill_use_discard_h0_b0_none_ops0/bench --dtype fp16 --n 128 --q 16 --iterations 120 --mode batch --d-mode ring --input-d 1 --addr-mode pingpong --collector fill_use_discard --wait-hint 0 --active-blocks 0 --interference none --interference-ops 0
status=ok
gpu=NVIDIA Thor
compute_capability=11.0
sm_count=20
launch_blocks=20
dtype=fp16
n=128
q=16
iterations=120
mode=batch
d_mode=ring
addr_mode=pingpong
collector=fill_use_discard
input_d=1
wait_hint=0
interference=none
interference_ops=0
elapsed_cycles=171873
event_ms=0.241888
poll_count=4780
max_abs_error=26.835937500
guard_ok=1
interference_sink=0.000000000

$ /xplorer/shijy/CUDA_optimazation/microbench/mma_config/02_latency_throughput/build/static_calibration/v2_collector_fp16_n256_q16_batch_ring_in1_pingpong_fill_use_discard_h0_b0_none_ops0/bench --dtype fp16 --n 256 --q 16 --iterations 120 --mode batch --d-mode ring --input-d 1 --addr-mode pingpong --collector fill_use_discard --wait-hint 0 --active-blocks 0 --interference none --interference-ops 0
status=ok
gpu=NVIDIA Thor
compute_capability=11.0
sm_count=20
launch_blocks=20
dtype=fp16
n=256
q=16
iterations=120
mode=batch
d_mode=ring
addr_mode=pingpong
collector=fill_use_discard
input_d=1
wait_hint=0
interference=none
interference_ops=0
elapsed_cycles=285356
event_ms=0.312768
poll_count=7191
max_abs_error=26.835937500
guard_ok=1
interference_sink=0.000000000

$ /xplorer/shijy/CUDA_optimazation/microbench/mma_config/02_latency_throughput/build/static_calibration/v2_collector_fp16_n256_q16_batch_ring_in1_pingpong_fill_use_discard_h0_b0_none_ops0/bench --dtype fp16 --n 256 --q 16 --iterations 120 --mode batch --d-mode ring --input-d 1 --addr-mode pingpong --collector fill_use_discard --wait-hint 0 --active-blocks 0 --interference none --interference-ops 0
status=ok
gpu=NVIDIA Thor
compute_capability=11.0
sm_count=20
launch_blocks=20
dtype=fp16
n=256
q=16
iterations=120
mode=batch
d_mode=ring
addr_mode=pingpong
collector=fill_use_discard
input_d=1
wait_hint=0
interference=none
interference_ops=0
elapsed_cycles=285552
event_ms=0.314368
poll_count=7200
max_abs_error=26.835937500
guard_ok=1
interference_sink=0.000000000

$ /xplorer/shijy/CUDA_optimazation/microbench/mma_config/02_latency_throughput/build/static_calibration/v2_collector_fp16_n256_q16_batch_ring_in1_pingpong_fill_use_discard_h0_b0_none_ops0/bench --dtype fp16 --n 256 --q 16 --iterations 120 --mode batch --d-mode ring --input-d 1 --addr-mode pingpong --collector fill_use_discard --wait-hint 0 --active-blocks 0 --interference none --interference-ops 0
status=ok
gpu=NVIDIA Thor
compute_capability=11.0
sm_count=20
launch_blocks=20
dtype=fp16
n=256
q=16
iterations=120
mode=batch
d_mode=ring
addr_mode=pingpong
collector=fill_use_discard
input_d=1
wait_hint=0
interference=none
interference_ops=0
elapsed_cycles=285446
event_ms=0.314688
poll_count=7198
max_abs_error=26.835937500
guard_ok=1
interference_sink=0.000000000

